Archive member included to satisfy reference by file (symbol)

c:/nxp/mcuxpressoide_11.1.1_3241/ide/plugins/com.nxp.mcuxpresso.tools.win32_11.1.0.202001081728/tools/bin/../lib/gcc/arm-none-eabi/8.3.1/../../../../arm-none-eabi/lib/thumb/v6-m/nofp\libcr_semihost_nf.a(_cr__main.o)
                              ./startup/startup_mkl43z4.o (__main)
c:/nxp/mcuxpressoide_11.1.1_3241/ide/plugins/com.nxp.mcuxpresso.tools.win32_11.1.0.202001081728/tools/bin/../lib/gcc/arm-none-eabi/8.3.1/../../../../arm-none-eabi/lib/thumb/v6-m/nofp\libcr_semihost_nf.a(_cr_assert.o)
                              ./utilities/fsl_debug_console.o (__assertion_failed)
c:/nxp/mcuxpressoide_11.1.1_3241/ide/plugins/com.nxp.mcuxpresso.tools.win32_11.1.0.202001081728/tools/bin/../lib/gcc/arm-none-eabi/8.3.1/../../../../arm-none-eabi/lib/thumb/v6-m/nofp\libcr_semihost_nf.a(__ciob.o)
                              c:/nxp/mcuxpressoide_11.1.1_3241/ide/plugins/com.nxp.mcuxpresso.tools.win32_11.1.0.202001081728/tools/bin/../lib/gcc/arm-none-eabi/8.3.1/../../../../arm-none-eabi/lib/thumb/v6-m/nofp\libcr_semihost_nf.a(_cr_assert.o) (__Ciob)
c:/nxp/mcuxpressoide_11.1.1_3241/ide/plugins/com.nxp.mcuxpresso.tools.win32_11.1.0.202001081728/tools/bin/../lib/gcc/arm-none-eabi/8.3.1/../../../../arm-none-eabi/lib/thumb/v6-m/nofp\libcr_semihost_nf.a(__sys_appexit.o)
                              c:/nxp/mcuxpressoide_11.1.1_3241/ide/plugins/com.nxp.mcuxpresso.tools.win32_11.1.0.202001081728/tools/bin/../lib/gcc/arm-none-eabi/8.3.1/../../../../arm-none-eabi/lib/thumb/v6-m/nofp\libcr_semihost_nf.a(_cr_assert.o) (__sys_appexit)
c:/nxp/mcuxpressoide_11.1.1_3241/ide/plugins/com.nxp.mcuxpresso.tools.win32_11.1.0.202001081728/tools/bin/../lib/gcc/arm-none-eabi/8.3.1/../../../../arm-none-eabi/lib/thumb/v6-m/nofp\libcr_c.a(memcpy.o)
                              ./utilities/fsl_str.o (memcpy)
c:/nxp/mcuxpressoide_11.1.1_3241/ide/plugins/com.nxp.mcuxpresso.tools.win32_11.1.0.202001081728/tools/bin/../lib/gcc/arm-none-eabi/8.3.1/../../../../arm-none-eabi/lib/thumb/v6-m/nofp\libcr_c.a(memset.o)
                              ./source/MAG3110.o (memset)
c:/nxp/mcuxpressoide_11.1.1_3241/ide/plugins/com.nxp.mcuxpresso.tools.win32_11.1.0.202001081728/tools/bin/../lib/gcc/arm-none-eabi/8.3.1/../../../../arm-none-eabi/lib/thumb/v6-m/nofp\libcr_c.a(_deferredlazyseek.o)
                              c:/nxp/mcuxpressoide_11.1.1_3241/ide/plugins/com.nxp.mcuxpresso.tools.win32_11.1.0.202001081728/tools/bin/../lib/gcc/arm-none-eabi/8.3.1/../../../../arm-none-eabi/lib/thumb/v6-m/nofp\libcr_semihost_nf.a(_cr_assert.o) (__flsbuf)
c:/nxp/mcuxpressoide_11.1.1_3241/ide/plugins/com.nxp.mcuxpresso.tools.win32_11.1.0.202001081728/tools/bin/../lib/gcc/arm-none-eabi/8.3.1/../../../../arm-none-eabi/lib/thumb/v6-m/nofp\libcr_c.a(_fflush.o)
                              c:/nxp/mcuxpressoide_11.1.1_3241/ide/plugins/com.nxp.mcuxpresso.tools.win32_11.1.0.202001081728/tools/bin/../lib/gcc/arm-none-eabi/8.3.1/../../../../arm-none-eabi/lib/thumb/v6-m/nofp\libcr_c.a(_deferredlazyseek.o) (_fflush)
c:/nxp/mcuxpressoide_11.1.1_3241/ide/plugins/com.nxp.mcuxpresso.tools.win32_11.1.0.202001081728/tools/bin/../lib/gcc/arm-none-eabi/8.3.1/../../../../arm-none-eabi/lib/thumb/v6-m/nofp\libcr_c.a(_writebuf.o)
                              c:/nxp/mcuxpressoide_11.1.1_3241/ide/plugins/com.nxp.mcuxpresso.tools.win32_11.1.0.202001081728/tools/bin/../lib/gcc/arm-none-eabi/8.3.1/../../../../arm-none-eabi/lib/thumb/v6-m/nofp\libcr_c.a(_deferredlazyseek.o) (_Cwritebuf)
c:/nxp/mcuxpressoide_11.1.1_3241/ide/plugins/com.nxp.mcuxpresso.tools.win32_11.1.0.202001081728/tools/bin/../lib/gcc/arm-none-eabi/8.3.1/../../../../arm-none-eabi/lib/thumb/v6-m/nofp\libcr_c.a(alloc.o)
                              ./drivers/fsl_common.o (malloc)
c:/nxp/mcuxpressoide_11.1.1_3241/ide/plugins/com.nxp.mcuxpresso.tools.win32_11.1.0.202001081728/tools/bin/../lib/gcc/arm-none-eabi/8.3.1/../../../../arm-none-eabi/lib/thumb/v6-m/nofp\libcr_c.a(atan2.o)
                              ./source/UAV_NAVC_pruebas.o (atan2)
c:/nxp/mcuxpressoide_11.1.1_3241/ide/plugins/com.nxp.mcuxpresso.tools.win32_11.1.0.202001081728/tools/bin/../lib/gcc/arm-none-eabi/8.3.1/../../../../arm-none-eabi/lib/thumb/v6-m/nofp\libcr_c.a(errno.o)
                              c:/nxp/mcuxpressoide_11.1.1_3241/ide/plugins/com.nxp.mcuxpresso.tools.win32_11.1.0.202001081728/tools/bin/../lib/gcc/arm-none-eabi/8.3.1/../../../../arm-none-eabi/lib/thumb/v6-m/nofp\libcr_c.a(atan2.o) (errno)
c:/nxp/mcuxpressoide_11.1.1_3241/ide/plugins/com.nxp.mcuxpresso.tools.win32_11.1.0.202001081728/tools/bin/../lib/gcc/arm-none-eabi/8.3.1/../../../../arm-none-eabi/lib/thumb/v6-m/nofp\libcr_c.a(fabs.o)
                              c:/nxp/mcuxpressoide_11.1.1_3241/ide/plugins/com.nxp.mcuxpresso.tools.win32_11.1.0.202001081728/tools/bin/../lib/gcc/arm-none-eabi/8.3.1/../../../../arm-none-eabi/lib/thumb/v6-m/nofp\libcr_c.a(atan2.o) (fabs)
[...]
Memory Configuration

Name             Origin             Length             Attributes
PROGRAM_FLASH    0x00000000         0x00040000         xr
SRAM             0x1fffe000         0x00008000         xrw
*default*        0x00000000         0xffffffff

Linker script and memory map

LOAD ./utilities/fsl_debug_console.o
LOAD ./utilities/fsl_str.o
LOAD ./startup/startup_mkl43z4.o
LOAD ./source/I2C.o
LOAD ./source/MAG3110.o
LOAD ./source/MMA8451.o
LOAD ./source/UAV_NAVC_pruebas.o
LOAD ./source/init_board.o
LOAD ./source/mtb.o
LOAD ./source/semihost_hardfault.o
LOAD ./drivers/fsl_clock.o
LOAD ./drivers/fsl_common.o
LOAD ./drivers/fsl_dma.o
LOAD ./drivers/fsl_dmamux.o
LOAD ./drivers/fsl_gpio.o
LOAD ./drivers/fsl_i2c.o
LOAD ./drivers/fsl_lpuart.o
LOAD ./drivers/fsl_smc.o
LOAD ./drivers/fsl_spi.o
LOAD ./drivers/fsl_tpm.o
LOAD ./drivers/fsl_uart.o
LOAD ./device/system_MKL43Z4.o
LOAD ./component/uart/lpuart_adapter.o
LOAD ./component/serial_manager/serial_manager.o
LOAD ./component/serial_manager/serial_port_uart.o
LOAD ./component/lists/generic_list.o
LOAD ./board/board.o
LOAD ./board/clock_config.o
LOAD ./board/peripherals.o
LOAD ./board/pin_mux.o
START GROUP
LOAD c:/nxp/mcuxpressoide_11.1.1_3241/ide/plugins/com.nxp.mcuxpresso.tools.win32_11.1.0.202001081728/tools/bin/../lib/gcc/arm-none-eabi/8.3.1/../../../../arm-none-eabi/lib/thumb/v6-m/nofp\libcr_semihost_nf.a
LOAD c:/nxp/mcuxpressoide_11.1.1_3241/ide/plugins/com.nxp.mcuxpresso.tools.win32_11.1.0.202001081728/tools/bin/../lib/gcc/arm-none-eabi/8.3.1/../../../../arm-none-eabi/lib/thumb/v6-m/nofp\libcr_c.a
LOAD c:/nxp/mcuxpressoide_11.1.1_3241/ide/plugins/com.nxp.mcuxpresso.tools.win32_11.1.0.202001081728/tools/bin/../lib/gcc/arm-none-eabi/8.3.1/thumb/v6-m/nofp\libcr_eabihelpers.a
LOAD c:/nxp/mcuxpressoide_11.1.1_3241/ide/plugins/com.nxp.mcuxpresso.tools.win32_11.1.0.202001081728/tools/bin/../lib/gcc/arm-none-eabi/8.3.1/thumb/v6-m/nofp\libgcc.a
END GROUP
                0x00000000                __base_PROGRAM_FLASH = 0x0
                0x00000000                __base_Flash = 0x0
                0x00040000                __top_PROGRAM_FLASH = 0x40000
                0x00040000                __top_Flash = 0x40000
                0x1fffe000                __base_SRAM = 0x1fffe000
                0x1fffe000                __base_RAM = 0x1fffe000
                0x20006000                __top_SRAM = 0x20006000
                0x20006000                __top_RAM = 0x20006000

.text           0x00000000     0x571c
 FILL mask 0xff
                0x00000000                __vectors_start__ = ABSOLUTE (.)
 *(SORT_BY_ALIGNMENT(.isr_vector))
 .isr_vector    0x00000000       0xc0 ./startup/startup_mkl43z4.o
                0x00000000                g_pfnVectors
                0x00000000                __Vectors
                0x000000c0                . = ALIGN (0x4)
                0x000000c0                __section_table_start = .
                0x000000c0                __data_section_table = .
                0x000000c0        0x4 LONG 0x571c LOADADDR (.data)
                0x000000c4        0x4 LONG 0x1fffe080 ADDR (.data)
                0x000000c8        0x4 LONG 0x4 SIZEOF (.data)
                0x000000cc                __data_section_table_end = .
                0x000000cc                __bss_section_table = .
                0x000000cc        0x4 LONG 0x1fffe084 ADDR (.bss)
                0x000000d0        0x4 LONG 0x134 SIZEOF (.bss)
                0x000000d4                __bss_section_table_end = .
                0x000000d4                __section_table_end = .
 *(SORT_BY_ALIGNMENT(.after_vectors*))
 .after_vectors.reset
                0x000000d4       0x4c ./startup/startup_mkl43z4.o
                0x000000d4                ResetISR
 .after_vectors.init_data
                0x00000120       0x12 ./startup/startup_mkl43z4.o
                0x00000120                data_init
 .after_vectors.init_bss
                0x00000132       0x10 ./startup/startup_mkl43z4.o
                0x00000132                bss_init
 .after_vectors
                0x00000142      0x10c ./startup/startup_mkl43z4.o
                0x00000142                NMI_Handler
                0x00000146                SVC_Handler
                0x00000148                PendSV_Handler
                0x0000014c                LPTMR0_DriverIRQHandler
                0x0000014c                PORTC_PORTD_DriverIRQHandler
                0x0000014c                Reserved42_DriverIRQHandler
                0x0000014c                Reserved43_DriverIRQHandler
                0x0000014c                PIT_DriverIRQHandler
                0x0000014c                CMP0_DriverIRQHandler
                0x0000014c                I2S0_DriverIRQHandler
                0x0000014c                ADC0_DriverIRQHandler
                0x0000014c                TPM2_DriverIRQHandler
                0x0000014c                UART2_FLEXIO_DriverIRQHandler
                0x0000014c                PMC_DriverIRQHandler
                0x0000014c                LCD_DriverIRQHandler
                0x0000014c                RTC_Seconds_DriverIRQHandler
                0x0000014c                LLWU_DriverIRQHandler
                0x0000014c                RTC_DriverIRQHandler
                0x0000014c                TPM1_DriverIRQHandler
                0x0000014c                PORTA_DriverIRQHandler
                0x0000014c                FTFA_DriverIRQHandler
                0x0000014c                IntDefaultHandler
                0x0000014c                USB0_DriverIRQHandler
                0x0000014c                DAC0_DriverIRQHandler
                0x0000014c                TPM0_DriverIRQHandler
                0x0000014c                Reserved20_DriverIRQHandler
                0x0000014e                DMA0_IRQHandler
                0x00000156                DMA1_IRQHandler
                0x0000015e                DMA2_IRQHandler
                0x00000166                DMA3_IRQHandler
                0x0000016e                Reserved20_IRQHandler
                0x00000176                FTFA_IRQHandler
                0x0000017e                PMC_IRQHandler
                0x00000186                LLWU_IRQHandler
                0x0000018e                I2C0_IRQHandler
                0x00000196                I2C1_IRQHandler
                0x0000019e                SPI0_IRQHandler
                0x000001a6                SPI1_IRQHandler
                0x000001ae                LPUART0_IRQHandler
                0x000001b6                LPUART1_IRQHandler
                0x000001be                UART2_FLEXIO_IRQHandler
                0x000001c6                ADC0_IRQHandler
                0x000001ce                CMP0_IRQHandler
                0x000001d6                TPM0_IRQHandler
                0x000001de                TPM1_IRQHandler
                0x000001e6                TPM2_IRQHandler
                0x000001ee                RTC_IRQHandler
                0x000001f6                RTC_Seconds_IRQHandler
                0x000001fe                PIT_IRQHandler
                0x00000206                I2S0_IRQHandler
                0x0000020e                USB0_IRQHandler
                0x00000216                DAC0_IRQHandler
                0x0000021e                Reserved42_IRQHandler
                0x00000226                Reserved43_IRQHandler
                0x0000022e                LPTMR0_IRQHandler
                0x00000236                LCD_IRQHandler
                0x0000023e                PORTA_IRQHandler
                0x00000400                . = 0x400
 *fill*         0x0000024e      0x1b2 ff
                0x00000400                PROVIDE (__FLASH_CONFIG_START__ = .)
 *(SORT_BY_ALIGNMENT(.FlashConfig))
 .FlashConfig   0x00000400       0x10 ./startup/startup_mkl43z4.o
                0x00000400                Flash_Config
                0x00000410                PROVIDE (__FLASH_CONFIG_END__ = .)
                0x00000001                ASSERT (! ((__FLASH_CONFIG_START__ == __FLASH_CONFIG_END__)), Linker Flash Config Support Enabled, but no .FlashConfig section provided within application)
 *(SORT_BY_ALIGNMENT(.text*))
 .text.CLOCK_EnableClock
                0x00000410       0x34 ./source/I2C.o
 .text.PORT_SetPinConfig
                0x00000444       0x38 ./source/I2C.o
 .text.I2C_releaseBus
                0x0000047c      0x124 ./source/I2C.o
 .text.I2C_configPins
                0x000005a0       0x80 ./source/I2C.o
 .text.I2C_init
                0x00000620       0x44 ./source/I2C.o
                0x00000620                I2C_init
 .text.MAG3110_read_reg
                0x00000664       0x68 ./source/MAG3110.o
                0x00000664                MAG3110_read_reg
 .text.MAG3310_write_reg
                0x000006cc       0x68 ./source/MAG3110.o
                0x000006cc                MAG3310_write_reg
 .text.MAG3110_calibration
                0x00000734      0x264 ./source/MAG3110.o
                0x00000734                MAG3110_calibration
 .text.X_offset
                0x00000998       0x14 ./source/MAG3110.o
                0x00000998                X_offset
 .text.Y_offset
                0x000009ac       0x14 ./source/MAG3110.o
                0x000009ac                Y_offset
 .text.Z_offset
                0x000009c0       0x14 ./source/MAG3110.o
                0x000009c0                Z_offset
 .text.MAG3310_init
                0x000009d4       0x50 ./source/MAG3110.o
                0x000009d4                MAG3310_init
 .text.SysTick_Handler
                0x00000a24       0x34 ./source/MAG3110.o
                0x00000a24                SysTick_Handler
 .text.mma8451_read_reg
                0x00000a58       0x68 ./source/MMA8451.o
                0x00000a58                mma8451_read_reg
 .text.mma8451_write_reg
                0x00000ac0       0x68 ./source/MMA8451.o
                0x00000ac0                mma8451_write_reg
 .text.acc_init
                0x00000b28      0x120 ./source/MMA8451.o
                0x00000b28                acc_init
 .text.__NVIC_EnableIRQ
                0x00000c48       0x34 ./source/UAV_NAVC_pruebas.o
 .text.__NVIC_SetPriority
                0x00000c7c       0xdc ./source/UAV_NAVC_pruebas.o
 .text.SysTick_Config
                0x00000d58       0x48 ./source/UAV_NAVC_pruebas.o
 .text.PORT_SetPinConfig
                0x00000da0       0x38 ./source/UAV_NAVC_pruebas.o
 .text.PORT_SetPinInterruptConfig
                0x00000dd8       0x40 ./source/UAV_NAVC_pruebas.o
 .text.main     0x00000e18      0x168 ./source/UAV_NAVC_pruebas.o
                0x00000e18                main
 .text.Config_Port_Int
                0x00000f80       0xa0 ./source/UAV_NAVC_pruebas.o
                0x00000f80                Config_Port_Int
 .text.PORTC_PORTD_IRQHandler
                0x00001020      0x350 ./source/UAV_NAVC_pruebas.o
                0x00001020                PORTC_PORTD_IRQHandler
 .text.CLOCK_EnableClock
                0x00001370       0x34 ./source/init_board.o
 .text.PORT_SetPinConfig
                0x000013a4       0x38 ./source/init_board.o
 .text.Board_Init
                0x000013dc      0x184 ./source/init_board.o
                0x000013dc                Board_Init
 .text.HardFault_Handler
                0x00001560       0x30 ./source/semihost_hardfault.o
                0x00001560                HardFault_Handler
 .text.CLOCK_EnableClock
                0x00001590       0x34 ./drivers/fsl_clock.o
 .text.CLOCK_DisableClock
                0x000015c4       0x38 ./drivers/fsl_clock.o
 .text.CLOCK_SetEr32kClock
                0x000015fc       0x34 ./drivers/fsl_clock.o
 .text.CLOCK_GetLircClkFreq
                0x00001630       0x50 ./drivers/fsl_clock.o
 .text.CLOCK_GetOscRangeFromFreq
                0x00001680       0x4c ./drivers/fsl_clock.o
 .text.CLOCK_GetOsc0ErClkFreq
                0x000016cc       0x44 ./drivers/fsl_clock.o
                0x000016cc                CLOCK_GetOsc0ErClkFreq
 .text.CLOCK_GetEr32kClkFreq
                0x00001710       0x74 ./drivers/fsl_clock.o
                0x00001710                CLOCK_GetEr32kClkFreq
 .text.CLOCK_GetFreq
                0x00001784       0xc0 ./drivers/fsl_clock.o
                0x00001784                CLOCK_GetFreq
 .text.CLOCK_SetSimConfig
                0x00001844       0x2c ./drivers/fsl_clock.o
                0x00001844                CLOCK_SetSimConfig
 .text.CLOCK_EnableUsbfs0Clock
                0x00001870       0x9c ./drivers/fsl_clock.o
                0x00001870                CLOCK_EnableUsbfs0Clock
 .text.CLOCK_GetInternalRefClkFreq
                0x0000190c       0x48 ./drivers/fsl_clock.o
                0x0000190c                CLOCK_GetInternalRefClkFreq
 .text.CLOCK_GetPeriphClkFreq
                0x00001954       0x3c ./drivers/fsl_clock.o
                0x00001954                CLOCK_GetPeriphClkFreq
 .text.CLOCK_GetOutClkFreq
                0x00001990       0x78 ./drivers/fsl_clock.o
                0x00001990                CLOCK_GetOutClkFreq
 .text.CLOCK_SetMcgliteConfig
                0x00001a08      0x110 ./drivers/fsl_clock.o
                0x00001a08                CLOCK_SetMcgliteConfig
 .text.CLOCK_InitOsc0
                0x00001b18       0x94 ./drivers/fsl_clock.o
                0x00001b18                CLOCK_InitOsc0
 .text.DMA_ClearChannelStatusFlags
                0x00001bac       0x54 ./drivers/fsl_dma.o
 .text.DMA_HandleIRQ
                0x00001c00       0x4c ./drivers/fsl_dma.o
                0x00001c00                DMA_HandleIRQ
 .text.DMA0_DriverIRQHandler
                0x00001c4c       0x18 ./drivers/fsl_dma.o
                0x00001c4c                DMA0_DriverIRQHandler
 .text.DMA1_DriverIRQHandler
                0x00001c64       0x18 ./drivers/fsl_dma.o
                0x00001c64                DMA1_DriverIRQHandler
 .text.DMA2_DriverIRQHandler
                0x00001c7c       0x18 ./drivers/fsl_dma.o
                0x00001c7c                DMA2_DriverIRQHandler
 .text.DMA3_DriverIRQHandler
                0x00001c94       0x18 ./drivers/fsl_dma.o
                0x00001c94                DMA3_DriverIRQHandler
 .text.GPIO_PinInit
                0x00001cac       0x68 ./drivers/fsl_gpio.o
                0x00001cac                GPIO_PinInit
 .text.CLOCK_EnableClock
                0x00001d14       0x34 ./drivers/fsl_i2c.o
 .text.I2C_GetInstance
                0x00001d48       0x4c ./drivers/fsl_i2c.o
                0x00001d48                I2C_GetInstance
 .text.I2C_CheckAndClearError
                0x00001d94       0x40 ./drivers/fsl_i2c.o
 .text.I2C_TransferCommonIRQHandler
                0x00001dd4       0x60 ./drivers/fsl_i2c.o
 .text.I2C_MasterInit
                0x00001e34      0x108 ./drivers/fsl_i2c.o
                0x00001e34                I2C_MasterInit
 .text.I2C_MasterGetDefaultConfig
                0x00001f3c       0x4c ./drivers/fsl_i2c.o
                0x00001f3c                I2C_MasterGetDefaultConfig
 .text.I2C_MasterSetBaudRate
                0x00001f88       0xf8 ./drivers/fsl_i2c.o
                0x00001f88                I2C_MasterSetBaudRate
 .text.I2C_MasterStart
                0x00002080       0x84 ./drivers/fsl_i2c.o
                0x00002080                I2C_MasterStart
 .text.I2C_MasterRepeatedStart
                0x00002104       0xcc ./drivers/fsl_i2c.o
                0x00002104                I2C_MasterRepeatedStart
 .text.I2C_MasterWriteBlocking
                0x000021d0       0xec ./drivers/fsl_i2c.o
                0x000021d0                I2C_MasterWriteBlocking
 .text.I2C_MasterTransferBlocking
                0x000022bc      0x27c ./drivers/fsl_i2c.o
                0x000022bc                I2C_MasterTransferBlocking
 .text.I2C0_DriverIRQHandler
                0x00002538       0x20 ./drivers/fsl_i2c.o
                0x00002538                I2C0_DriverIRQHandler
 .text.I2C1_DriverIRQHandler
                0x00002558       0x20 ./drivers/fsl_i2c.o
                0x00002558                I2C1_DriverIRQHandler
 .text.LPUART0_DriverIRQHandler
                0x00002578       0x24 ./drivers/fsl_lpuart.o
                0x00002578                LPUART0_DriverIRQHandler
 .text.LPUART1_DriverIRQHandler
                0x0000259c       0x24 ./drivers/fsl_lpuart.o
                0x0000259c                LPUART1_DriverIRQHandler
 .text.SPI_CommonIRQHandler
                0x000025c0       0x54 ./drivers/fsl_spi.o
 .text.SPI0_DriverIRQHandler
                0x00002614       0x30 ./drivers/fsl_spi.o
                0x00002614                SPI0_DriverIRQHandler
 .text.SPI1_DriverIRQHandler
                0x00002644       0x30 ./drivers/fsl_spi.o
                0x00002644                SPI1_DriverIRQHandler
 .text.SystemInit
                0x00002674       0x40 ./device/system_MKL43Z4.o
                0x00002674                SystemInit
 .text.CLOCK_SetLpuart0Clock
                0x000026b4       0x38 ./board/board.o
 .text.CLOCK_SetLpuart0Clock
                0x000026ec       0x38 ./board/clock_config.o
 .text.CLOCK_SetLpuart1Clock
                0x00002724       0x38 ./board/clock_config.o
 .text.CLOCK_SetTpmClock
                0x0000275c       0x38 ./board/clock_config.o
 .text.CLOCK_SetFlexio0Clock
                0x00002794       0x38 ./board/clock_config.o
 .text.CLOCK_SetClkOutClock
                0x000027cc       0x34 ./board/clock_config.o
 .text.CLOCK_SetRtcClkOutClock
                0x00002800       0x34 ./board/clock_config.o
 .text.CLOCK_SetSimSafeDivs
                0x00002834       0x20 ./board/clock_config.o
 .text.CLOCK_SetXtal0Freq
                0x00002854       0x1c ./board/clock_config.o
 .text.BOARD_BootClockRUN
                0x00002870       0x7c ./board/clock_config.o
                0x00002870                BOARD_BootClockRUN
 .text.CLOCK_EnableClock
                0x000028ec       0x34 ./board/pin_mux.o
 .text.PORT_SetPinConfig
                0x00002920       0x38 ./board/pin_mux.o
 .text.BOARD_InitDEBUG_UARTPins
                0x00002958       0x7c ./board/pin_mux.o
                0x00002958                BOARD_InitDEBUG_UARTPins
 .text.__assertion_failed
                0x000029d4       0x4c c:/nxp/mcuxpressoide_11.1.1_3241/ide/plugins/com.nxp.mcuxpresso.tools.win32_11.1.0.202001081728/tools/bin/../lib/gcc/arm-none-eabi/8.3.1/../../../../arm-none-eabi/lib/thumb/v6-m/nofp\libcr_semihost_nf.a(_cr_assert.o)
                0x000029d4                __assertion_failed
 .text.__sys_appexit
                0x00002a20        0xc c:/nxp/mcuxpressoide_11.1.1_3241/ide/plugins/com.nxp.mcuxpresso.tools.win32_11.1.0.202001081728/tools/bin/../lib/gcc/arm-none-eabi/8.3.1/../../../../arm-none-eabi/lib/thumb/v6-m/nofp\libcr_semihost_nf.a(__sys_appexit.o)
                0x00002a20                __sys_appexit
                0x00002a20                __exit
 .text._deferredlazyseek
                0x00002a2c       0x40 c:/nxp/mcuxpressoide_11.1.1_3241/ide/plugins/com.nxp.mcuxpresso.tools.win32_11.1.0.202001081728/tools/bin/../lib/gcc/arm-none-eabi/8.3.1/../../../../arm-none-eabi/lib/thumb/v6-m/nofp\libcr_c.a(_deferredlazyseek.o)
                0x00002a2c                _deferredlazyseek
 .text.__flsbuf
                0x00002a6c      0x14c c:/nxp/mcuxpressoide_11.1.1_3241/ide/plugins/com.nxp.mcuxpresso.tools.win32_11.1.0.202001081728/tools/bin/../lib/gcc/arm-none-eabi/8.3.1/../../../../arm-none-eabi/lib/thumb/v6-m/nofp\libcr_c.a(_deferredlazyseek.o)
                0x00002a6c                __flsbuf
 .text._fflush  0x00002bb8       0x5c c:/nxp/mcuxpressoide_11.1.1_3241/ide/plugins/com.nxp.mcuxpresso.tools.win32_11.1.0.202001081728/tools/bin/../lib/gcc/arm-none-eabi/8.3.1/../../../../arm-none-eabi/lib/thumb/v6-m/nofp\libcr_c.a(_fflush.o)
                0x00002bb8                _fflush
 .text._Cwritebuf
                0x00002c14       0x68 c:/nxp/mcuxpressoide_11.1.1_3241/ide/plugins/com.nxp.mcuxpresso.tools.win32_11.1.0.202001081728/tools/bin/../lib/gcc/arm-none-eabi/8.3.1/../../../../arm-none-eabi/lib/thumb/v6-m/nofp\libcr_c.a(_writebuf.o)
                0x00002c14                _Cwritebuf
 .text.malloc   0x00002c7c       0xcc c:/nxp/mcuxpressoide_11.1.1_3241/ide/plugins/com.nxp.mcuxpresso.tools.win32_11.1.0.202001081728/tools/bin/../lib/gcc/arm-none-eabi/8.3.1/../../../../arm-none-eabi/lib/thumb/v6-m/nofp\libcr_c.a(alloc.o)
                0x00002c7c                malloc
 .text._Csys_alloc
                0x00002d48       0x20 c:/nxp/mcuxpressoide_11.1.1_3241/ide/plugins/com.nxp.mcuxpresso.tools.win32_11.1.0.202001081728/tools/bin/../lib/gcc/arm-none-eabi/8.3.1/../../../../arm-none-eabi/lib/thumb/v6-m/nofp\libcr_c.a(alloc.o)
                0x00002d48                _Csys_alloc
 .text.atan2    0x00002d68      0x108 c:/nxp/mcuxpressoide_11.1.1_3241/ide/plugins/com.nxp.mcuxpresso.tools.win32_11.1.0.202001081728/tools/bin/../lib/gcc/arm-none-eabi/8.3.1/../../../../arm-none-eabi/lib/thumb/v6-m/nofp\libcr_c.a(atan2.o)
                0x00002d68                atan2
 .text.fseek    0x00002e70       0xf0 c:/nxp/mcuxpressoide_11.1.1_3241/ide/plugins/com.nxp.mcuxpresso.tools.win32_11.1.0.202001081728/tools/bin/../lib/gcc/arm-none-eabi/8.3.1/../../../../arm-none-eabi/lib/thumb/v6-m/nofp\libcr_c.a(fseek.o)
                0x00002e70                fseek
 .text.ftell    0x00002f60       0x48 c:/nxp/mcuxpressoide_11.1.1_3241/ide/plugins/com.nxp.mcuxpresso.tools.win32_11.1.0.202001081728/tools/bin/../lib/gcc/arm-none-eabi/8.3.1/../../../../arm-none-eabi/lib/thumb/v6-m/nofp\libcr_c.a(ftell.o)
                0x00002f60                ftell
 .text._initio  0x00002fa8       0x7c c:/nxp/mcuxpressoide_11.1.1_3241/ide/plugins/com.nxp.mcuxpresso.tools.win32_11.1.0.202001081728/tools/bin/../lib/gcc/arm-none-eabi/8.3.1/../../../../arm-none-eabi/lib/thumb/v6-m/nofp\libcr_c.a(initio.o)
                0x00002fa8                _initio
 .text.__vfprintf
                0x00003024      0xcd8 c:/nxp/mcuxpressoide_11.1.1_3241/ide/plugins/com.nxp.mcuxpresso.tools.win32_11.1.0.202001081728/tools/bin/../lib/gcc/arm-none-eabi/8.3.1/../../../../arm-none-eabi/lib/thumb/v6-m/nofp\libcr_c.a(printf.o)
                0x00003024                __vfprintf
 .text._vsnprintf
                0x00003cfc       0x70 c:/nxp/mcuxpressoide_11.1.1_3241/ide/plugins/com.nxp.mcuxpresso.tools.win32_11.1.0.202001081728/tools/bin/../lib/gcc/arm-none-eabi/8.3.1/../../../../arm-none-eabi/lib/thumb/v6-m/nofp\libcr_c.a(printf.o)
                0x00003cfc                _vsnprintf
 .text._printf  0x00003d6c       0x50 c:/nxp/mcuxpressoide_11.1.1_3241/ide/plugins/com.nxp.mcuxpresso.tools.win32_11.1.0.202001081728/tools/bin/../lib/gcc/arm-none-eabi/8.3.1/../../../../arm-none-eabi/lib/thumb/v6-m/nofp\libcr_c.a(printf.o)
                0x00003d6c                _printf
 .text.setvbuf  0x00003dbc       0x4c c:/nxp/mcuxpressoide_11.1.1_3241/ide/plugins/com.nxp.mcuxpresso.tools.win32_11.1.0.202001081728/tools/bin/../lib/gcc/arm-none-eabi/8.3.1/../../../../arm-none-eabi/lib/thumb/v6-m/nofp\libcr_c.a(setvbuf.o)
                0x00003dbc                setvbuf
 .text.strlen   0x00003e08       0x58 c:/nxp/mcuxpressoide_11.1.1_3241/ide/plugins/com.nxp.mcuxpresso.tools.win32_11.1.0.202001081728/tools/bin/../lib/gcc/arm-none-eabi/8.3.1/../../../../arm-none-eabi/lib/thumb/v6-m/nofp\libcr_c.a(strlen.o)
                0x00003e08                strlen
 .text._sbrk    0x00003e60       0x40 c:/nxp/mcuxpressoide_11.1.1_3241/ide/plugins/com.nxp.mcuxpresso.tools.win32_11.1.0.202001081728/tools/bin/../lib/gcc/arm-none-eabi/8.3.1/../../../../arm-none-eabi/lib/thumb/v6-m/nofp\libcr_c.a(_cr_sbrk.o)
                0x00003e60                _sbrk
 .text._fdopen  0x00003ea0       0x74 c:/nxp/mcuxpressoide_11.1.1_3241/ide/plugins/com.nxp.mcuxpresso.tools.win32_11.1.0.202001081728/tools/bin/../lib/gcc/arm-none-eabi/8.3.1/../../../../arm-none-eabi/lib/thumb/v6-m/nofp\libcr_c.a(_fdopen.o)
                0x00003ea0                _fdopen
 .text.atan     0x00003f14      0x204 c:/nxp/mcuxpressoide_11.1.1_3241/ide/plugins/com.nxp.mcuxpresso.tools.win32_11.1.0.202001081728/tools/bin/../lib/gcc/arm-none-eabi/8.3.1/../../../../arm-none-eabi/lib/thumb/v6-m/nofp\libcr_c.a(atan.o)
                0x00003f14                atan
 .text.fclose   0x00004118       0x5c c:/nxp/mcuxpressoide_11.1.1_3241/ide/plugins/com.nxp.mcuxpresso.tools.win32_11.1.0.202001081728/tools/bin/../lib/gcc/arm-none-eabi/8.3.1/../../../../arm-none-eabi/lib/thumb/v6-m/nofp\libcr_c.a(fclose.o)
                0x00004118                fclose
 .text.fflush   0x00004174       0x44 c:/nxp/mcuxpressoide_11.1.1_3241/ide/plugins/com.nxp.mcuxpresso.tools.win32_11.1.0.202001081728/tools/bin/../lib/gcc/arm-none-eabi/8.3.1/../../../../arm-none-eabi/lib/thumb/v6-m/nofp\libcr_c.a(fflush.o)
                0x00004174                fflush
 .text.__check_heap_overflow
                0x000041b8       0x14 c:/nxp/mcuxpressoide_11.1.1_3241/ide/plugins/com.nxp.mcuxpresso.tools.win32_11.1.0.202001081728/tools/bin/../lib/gcc/arm-none-eabi/8.3.1/../../../../arm-none-eabi/lib/thumb/v6-m/nofp\libcr_c.a(_cr_check_heap.o)
                0x000041b8                __check_heap_overflow
 .text._do_fflush
                0x000041cc       0x44 c:/nxp/mcuxpressoide_11.1.1_3241/ide/plugins/com.nxp.mcuxpresso.tools.win32_11.1.0.202001081728/tools/bin/../lib/gcc/arm-none-eabi/8.3.1/../../../../arm-none-eabi/lib/thumb/v6-m/nofp\libcr_c.a(_do_fflush.o)
                0x000041cc                _do_fflush
 .text.__aeabi_dmul
                0x00004210      0x188 c:/nxp/mcuxpressoide_11.1.1_3241/ide/plugins/com.nxp.mcuxpresso.tools.win32_11.1.0.202001081728/tools/bin/../lib/gcc/arm-none-eabi/8.3.1/thumb/v6-m/nofp\libcr_eabihelpers.a(double.o)
                0x00004210                __aeabi_dmul
 .text.__aeabi_ddiv
                0x00004398      0x148 c:/nxp/mcuxpressoide_11.1.1_3241/ide/plugins/com.nxp.mcuxpresso.tools.win32_11.1.0.202001081728/tools/bin/../lib/gcc/arm-none-eabi/8.3.1/thumb/v6-m/nofp\libcr_eabihelpers.a(double.o)
                0x00004398                __aeabi_ddiv
 .text.__aeabi_dsub
                0x000044e0      0x1c4 c:/nxp/mcuxpressoide_11.1.1_3241/ide/plugins/com.nxp.mcuxpresso.tools.win32_11.1.0.202001081728/tools/bin/../lib/gcc/arm-none-eabi/8.3.1/thumb/v6-m/nofp\libcr_eabihelpers.a(double.o)
                0x000044e0                __aeabi_dsub
 .text.__aeabi_dadd
                0x000046a4      0x12c c:/nxp/mcuxpressoide_11.1.1_3241/ide/plugins/com.nxp.mcuxpresso.tools.win32_11.1.0.202001081728/tools/bin/../lib/gcc/arm-none-eabi/8.3.1/thumb/v6-m/nofp\libcr_eabihelpers.a(double.o)
                0x000046a4                __aeabi_dadd
 .text.__aeabi_d2f
                0x000047d0       0x60 c:/nxp/mcuxpressoide_11.1.1_3241/ide/plugins/com.nxp.mcuxpresso.tools.win32_11.1.0.202001081728/tools/bin/../lib/gcc/arm-none-eabi/8.3.1/thumb/v6-m/nofp\libcr_eabihelpers.a(double.o)
                0x000047d0                __aeabi_d2f
 .text.__aeabi_dcmpeq
                0x00004830       0x30 c:/nxp/mcuxpressoide_11.1.1_3241/ide/plugins/com.nxp.mcuxpresso.tools.win32_11.1.0.202001081728/tools/bin/../lib/gcc/arm-none-eabi/8.3.1/thumb/v6-m/nofp\libcr_eabihelpers.a(double.o)
                0x00004830                __aeabi_dcmpeq
 .text.__aeabi_dcmplt
                0x00004860       0x60 c:/nxp/mcuxpressoide_11.1.1_3241/ide/plugins/com.nxp.mcuxpresso.tools.win32_11.1.0.202001081728/tools/bin/../lib/gcc/arm-none-eabi/8.3.1/thumb/v6-m/nofp\libcr_eabihelpers.a(double.o)
                0x00004860                __aeabi_dcmplt
 .text.__aeabi_dcmpgt
                0x000048c0       0x58 c:/nxp/mcuxpressoide_11.1.1_3241/ide/plugins/com.nxp.mcuxpresso.tools.win32_11.1.0.202001081728/tools/bin/../lib/gcc/arm-none-eabi/8.3.1/thumb/v6-m/nofp\libcr_eabihelpers.a(double.o)
                0x000048c0                __aeabi_dcmpgt
 .text.__aeabi_fmul
                0x00004918       0xc4 c:/nxp/mcuxpressoide_11.1.1_3241/ide/plugins/com.nxp.mcuxpresso.tools.win32_11.1.0.202001081728/tools/bin/../lib/gcc/arm-none-eabi/8.3.1/thumb/v6-m/nofp\libcr_eabihelpers.a(float.o)
                0x00004918                __aeabi_fmul
 .text.__aeabi_fsub
                0x000049dc      0x128 c:/nxp/mcuxpressoide_11.1.1_3241/ide/plugins/com.nxp.mcuxpresso.tools.win32_11.1.0.202001081728/tools/bin/../lib/gcc/arm-none-eabi/8.3.1/thumb/v6-m/nofp\libcr_eabihelpers.a(float.o)
                0x000049dc                __aeabi_fsub
 .text.__aeabi_fadd
                0x00004b04       0xac c:/nxp/mcuxpressoide_11.1.1_3241/ide/plugins/com.nxp.mcuxpresso.tools.win32_11.1.0.202001081728/tools/bin/../lib/gcc/arm-none-eabi/8.3.1/thumb/v6-m/nofp\libcr_eabihelpers.a(float.o)
                0x00004b04                __aeabi_fadd
 .text.__aeabi_f2iz
                0x00004bb0       0x3c c:/nxp/mcuxpressoide_11.1.1_3241/ide/plugins/com.nxp.mcuxpresso.tools.win32_11.1.0.202001081728/tools/bin/../lib/gcc/arm-none-eabi/8.3.1/thumb/v6-m/nofp\libcr_eabihelpers.a(float.o)
                0x00004bb0                __aeabi_f2iz
 .text.GPIO_PinWrite
                0x00004bec       0x38 ./source/I2C.o
 .text.i2c_release_bus_delay
                0x00004c24       0x26 ./source/I2C.o
 .text.PORT_GetPinsInterruptFlags
                0x00004c4a       0x16 ./source/UAV_NAVC_pruebas.o
 .text.PORT_ClearPinsInterruptFlags
                0x00004c60       0x1a ./source/UAV_NAVC_pruebas.o
 .text.OSC_SetExtRefClkConfig
                0x00004c7a       0x3e ./drivers/fsl_clock.o
 .text.OSC_SetCapLoad
                0x00004cb8       0x42 ./drivers/fsl_clock.o
 .text.GPIO_PinWrite
                0x00004cfa       0x38 ./drivers/fsl_gpio.o
 .text.I2C_MasterClearStatusFlags
                0x00004d32       0x56 ./drivers/fsl_i2c.o
 .text.I2C_MasterStop
                0x00004d88       0x36 ./drivers/fsl_i2c.o
                0x00004d88                I2C_MasterStop
 .text.I2C_MasterGetStatusFlags
                0x00004dbe       0x4a ./drivers/fsl_i2c.o
                0x00004dbe                I2C_MasterGetStatusFlags
 .text.I2C_MasterReadBlocking
                0x00004e08       0xea ./drivers/fsl_i2c.o
                0x00004e08                I2C_MasterReadBlocking
 .text.SystemInitHook
                0x00004ef2        0xa ./device/system_MKL43Z4.o
                0x00004ef2                SystemInitHook
 .text.DbgConsole_Init
                0x00004efc       0x26 ./board/board.o
 .text.BOARD_InitDebugConsole
                0x00004f22       0x2e ./board/board.o
                0x00004f22                BOARD_InitDebugConsole
 .text.BOARD_InitBootClocks
                0x00004f50        0xe ./board/clock_config.o
                0x00004f50                BOARD_InitBootClocks
 .text.BOARD_InitPeripherals
                0x00004f5e        0xa ./board/peripherals.o
                0x00004f5e                BOARD_InitPeripherals
 .text.BOARD_InitBootPeripherals
                0x00004f68        0xe ./board/peripherals.o
                0x00004f68                BOARD_InitBootPeripherals
 .text.BOARD_InitBootPins
                0x00004f76       0x12 ./board/pin_mux.o
                0x00004f76                BOARD_InitBootPins
 .text.BOARD_InitPins
                0x00004f88        0xa ./board/pin_mux.o
                0x00004f88                BOARD_InitPins
 .text.__main   0x00004f92        0xc c:/nxp/mcuxpressoide_11.1.1_3241/ide/plugins/com.nxp.mcuxpresso.tools.win32_11.1.0.202001081728/tools/bin/../lib/gcc/arm-none-eabi/8.3.1/../../../../arm-none-eabi/lib/thumb/v6-m/nofp\libcr_semihost_nf.a(_cr__main.o)
                0x00004f92                __CR_SEMIHOST
                0x00004f92                __main
 .text.memset   0x00004f9e        0x8 c:/nxp/mcuxpressoide_11.1.1_3241/ide/plugins/com.nxp.mcuxpresso.tools.win32_11.1.0.202001081728/tools/bin/../lib/gcc/arm-none-eabi/8.3.1/../../../../arm-none-eabi/lib/thumb/v6-m/nofp\libcr_c.a(memset.o)
                0x00004f9e                memset
 .text.free     0x00004fa6       0x2c c:/nxp/mcuxpressoide_11.1.1_3241/ide/plugins/com.nxp.mcuxpresso.tools.win32_11.1.0.202001081728/tools/bin/../lib/gcc/arm-none-eabi/8.3.1/../../../../arm-none-eabi/lib/thumb/v6-m/nofp\libcr_c.a(alloc.o)
                0x00004fa6                free
 .text.fabs     0x00004fd2       0x22 c:/nxp/mcuxpressoide_11.1.1_3241/ide/plugins/com.nxp.mcuxpresso.tools.win32_11.1.0.202001081728/tools/bin/../lib/gcc/arm-none-eabi/8.3.1/../../../../arm-none-eabi/lib/thumb/v6-m/nofp\libcr_c.a(fabs.o)
                0x00004fd2                fabs
 .text.fputs    0x00004ff4       0x2e c:/nxp/mcuxpressoide_11.1.1_3241/ide/plugins/com.nxp.mcuxpresso.tools.win32_11.1.0.202001081728/tools/bin/../lib/gcc/arm-none-eabi/8.3.1/../../../../arm-none-eabi/lib/thumb/v6-m/nofp\libcr_c.a(fputs.o)
                0x00004ff4                fputs
 .text.no_fp_display
                0x00005022        0x4 c:/nxp/mcuxpressoide_11.1.1_3241/ide/plugins/com.nxp.mcuxpresso.tools.win32_11.1.0.202001081728/tools/bin/../lib/gcc/arm-none-eabi/8.3.1/../../../../arm-none-eabi/lib/thumb/v6-m/nofp\libcr_c.a(printf.o)
 .text.remove   0x00005026       0x12 c:/nxp/mcuxpressoide_11.1.1_3241/ide/plugins/com.nxp.mcuxpresso.tools.win32_11.1.0.202001081728/tools/bin/../lib/gcc/arm-none-eabi/8.3.1/../../../../arm-none-eabi/lib/thumb/v6-m/nofp\libcr_c.a(remove.o)
                0x00005026                remove
 .text.__aeabi_division_idivmod
                0x00005038       0x78 c:/nxp/mcuxpressoide_11.1.1_3241/ide/plugins/com.nxp.mcuxpresso.tools.win32_11.1.0.202001081728/tools/bin/../lib/gcc/arm-none-eabi/8.3.1/thumb/v6-m/nofp\libcr_eabihelpers.a(division_32.o)
                0x00005038                __aeabi_idivmod
                0x00005038                __aeabi_idiv
                0x0000503e                __aeabi_uidivmod
                0x0000503e                __aeabi_uidiv
 .text.__aeabi_division_idiv0
                0x000050b0        0x2 c:/nxp/mcuxpressoide_11.1.1_3241/ide/plugins/com.nxp.mcuxpresso.tools.win32_11.1.0.202001081728/tools/bin/../lib/gcc/arm-none-eabi/8.3.1/thumb/v6-m/nofp\libcr_eabihelpers.a(division_idiv0.o)
                0x000050b0                __aeabi_idiv0
 .text.__bhs_ui2d
                0x000050b2       0x5e c:/nxp/mcuxpressoide_11.1.1_3241/ide/plugins/com.nxp.mcuxpresso.tools.win32_11.1.0.202001081728/tools/bin/../lib/gcc/arm-none-eabi/8.3.1/thumb/v6-m/nofp\libcr_eabihelpers.a(double.o)
                0x000050b2                __bhs_ui2d
 .text.__aeabi_i2d
                0x00005110       0x18 c:/nxp/mcuxpressoide_11.1.1_3241/ide/plugins/com.nxp.mcuxpresso.tools.win32_11.1.0.202001081728/tools/bin/../lib/gcc/arm-none-eabi/8.3.1/thumb/v6-m/nofp\libcr_eabihelpers.a(double.o)
                0x00005110                __aeabi_i2d
 .text.__aeabi_fcmpge
                0x00005128       0x42 c:/nxp/mcuxpressoide_11.1.1_3241/ide/plugins/com.nxp.mcuxpresso.tools.win32_11.1.0.202001081728/tools/bin/../lib/gcc/arm-none-eabi/8.3.1/thumb/v6-m/nofp\libcr_eabihelpers.a(float.o)
                0x00005128                __aeabi_fcmpge
 .text.__aeabi_llong_lmul
                0x0000516a       0x2e c:/nxp/mcuxpressoide_11.1.1_3241/ide/plugins/com.nxp.mcuxpresso.tools.win32_11.1.0.202001081728/tools/bin/../lib/gcc/arm-none-eabi/8.3.1/thumb/v6-m/nofp\libcr_eabihelpers.a(llong.o)
                0x0000516a                __aeabi_lmul
 .text.__aeabi_memset_lowlevel
                0x00005198       0x2a c:/nxp/mcuxpressoide_11.1.1_3241/ide/plugins/com.nxp.mcuxpresso.tools.win32_11.1.0.202001081728/tools/bin/../lib/gcc/arm-none-eabi/8.3.1/thumb/v6-m/nofp\libcr_eabihelpers.a(memcpy.o)
                0x00005198                __aeabi_lowlevel_memset
 .text.__sys_close
                0x000051c2        0xc c:/nxp/mcuxpressoide_11.1.1_3241/ide/plugins/com.nxp.mcuxpresso.tools.win32_11.1.0.202001081728/tools/bin/../lib/gcc/arm-none-eabi/8.3.1/../../../../arm-none-eabi/lib/thumb/v6-m/nofp\libcr_semihost_nf.a(__sys_close.o)
                0x000051c2                __sys_close
 .text.__sys_flen
                0x000051ce        0xc c:/nxp/mcuxpressoide_11.1.1_3241/ide/plugins/com.nxp.mcuxpresso.tools.win32_11.1.0.202001081728/tools/bin/../lib/gcc/arm-none-eabi/8.3.1/../../../../arm-none-eabi/lib/thumb/v6-m/nofp\libcr_semihost_nf.a(__sys_flen.o)
                0x000051ce                __sys_flen
 .text.__sys_istty
                0x000051da        0xc c:/nxp/mcuxpressoide_11.1.1_3241/ide/plugins/com.nxp.mcuxpresso.tools.win32_11.1.0.202001081728/tools/bin/../lib/gcc/arm-none-eabi/8.3.1/../../../../arm-none-eabi/lib/thumb/v6-m/nofp\libcr_semihost_nf.a(__sys_istty.o)
                0x000051da                __sys_istty
 .text.__sys_remove
                0x000051e6        0xc c:/nxp/mcuxpressoide_11.1.1_3241/ide/plugins/com.nxp.mcuxpresso.tools.win32_11.1.0.202001081728/tools/bin/../lib/gcc/arm-none-eabi/8.3.1/../../../../arm-none-eabi/lib/thumb/v6-m/nofp\libcr_semihost_nf.a(__sys_remove.o)
                0x000051e6                __sys_remove
 .text.__sys_seek
                0x000051f2        0xc c:/nxp/mcuxpressoide_11.1.1_3241/ide/plugins/com.nxp.mcuxpresso.tools.win32_11.1.0.202001081728/tools/bin/../lib/gcc/arm-none-eabi/8.3.1/../../../../arm-none-eabi/lib/thumb/v6-m/nofp\libcr_semihost_nf.a(__sys_seek.o)
                0x000051f2                __sys_seek
 .text.__sys_tmpnam
                0x000051fe        0xc c:/nxp/mcuxpressoide_11.1.1_3241/ide/plugins/com.nxp.mcuxpresso.tools.win32_11.1.0.202001081728/tools/bin/../lib/gcc/arm-none-eabi/8.3.1/../../../../arm-none-eabi/lib/thumb/v6-m/nofp\libcr_semihost_nf.a(__sys_tmpnam.o)
                0x000051fe                __sys_tmpnam
 .text.__sys_write
                0x0000520a        0xc c:/nxp/mcuxpressoide_11.1.1_3241/ide/plugins/com.nxp.mcuxpresso.tools.win32_11.1.0.202001081728/tools/bin/../lib/gcc/arm-none-eabi/8.3.1/../../../../arm-none-eabi/lib/thumb/v6-m/nofp\libcr_semihost_nf.a(__sys_write.o)
                0x0000520a                __sys_write
 *(SORT_BY_ALIGNMENT(.rodata) SORT_BY_ALIGNMENT(.rodata.*) SORT_BY_ALIGNMENT(.constdata) SORT_BY_ALIGNMENT(.constdata.*))
 *fill*         0x00005216        0x2 ff
 .rodata.a.3969
                0x00005218       0x20 c:/nxp/mcuxpressoide_11.1.1_3241/ide/plugins/com.nxp.mcuxpresso.tools.win32_11.1.0.202001081728/tools/bin/../lib/gcc/arm-none-eabi/8.3.1/../../../../arm-none-eabi/lib/thumb/v6-m/nofp\libcr_c.a(atan.o)
 .rodata.PORT_SetPinConfig.str1.4
                0x00005238       0x5c ./source/I2C.o
 .rodata.MAG3110_calibration.str1.4
                0x00005294       0x42 ./source/MAG3110.o
 *fill*         0x000052d6        0x2 ff
 .rodata.MAG3310_init.str1.4
                0x000052d8       0x20 ./source/MAG3110.o
 .rodata.acc_init.str1.4
                0x000052f8       0x23 ./source/MMA8451.o
 .rodata.PORT_SetPinConfig.str1.4
                0x0000531b       0x5c ./source/UAV_NAVC_pruebas.o
 *fill*         0x0000531b        0x1 ff
 .rodata.main.str1.4
                0x0000531c       0x29 ./source/UAV_NAVC_pruebas.o
 .rodata.PORT_SetPinConfig.str1.4
                0x00005345       0x5c ./source/init_board.o
 *fill*         0x00005345        0x3 ff
 .rodata.board_gpioLeds
                0x00005348       0x30 ./source/init_board.o
 .rodata.board_gpioSw
                0x00005378       0x18 ./source/init_board.o
 .rodata        0x00005390        0x2 ./source/init_board.o
 *fill*         0x00005392        0x2 ff
 .rodata.CLOCK_GetOsc0ErClkFreq.str1.4
                0x00005394       0x1f ./drivers/fsl_clock.o
 *fill*         0x000053b3        0x1 ff
 .rodata.CLOCK_GetEr32kClkFreq.str1.4
                0x000053b4       0x20 ./drivers/fsl_clock.o
 .rodata.CLOCK_GetFreq
                0x000053d4       0x50 ./drivers/fsl_clock.o
 .rodata.CLOCK_GetOutClkFreq.str1.4
                0x00005424       0x1f ./drivers/fsl_clock.o
 *fill*         0x00005443        0x1 ff
 .rodata.CLOCK_SetMcgliteConfig.str1.4
                0x00005444       0x20 ./drivers/fsl_clock.o
 .rodata.lircFreqs.5309
                0x00005464        0x8 ./drivers/fsl_clock.o
 .rodata.DMA_ClearChannelStatusFlags.str1.4
                0x0000546c       0x47 ./drivers/fsl_dma.o
 *fill*         0x000054b3        0x1 ff
 .rodata.DMA_HandleIRQ.str1.4
                0x000054b4       0x20 ./drivers/fsl_dma.o
 .rodata.GPIO_PinInit.str1.4
                0x000054d4       0x21 ./drivers/fsl_gpio.o
 *fill*         0x000054f5        0x3 ff
 .rodata.s_i2cDividerTable
                0x000054f8       0x80 ./drivers/fsl_i2c.o
 .rodata.s_i2cClocks
                0x00005578        0x8 ./drivers/fsl_i2c.o
 .rodata.s_i2cBases
                0x00005580        0x8 ./drivers/fsl_i2c.o
 .rodata.I2C_GetInstance.str1.4
                0x00005588       0x33 ./drivers/fsl_i2c.o
 *fill*         0x000055bb        0x1 ff
 .rodata.I2C_MasterInit.str1.4
                0x000055bc       0x4b ./drivers/fsl_i2c.o
 *fill*         0x00005607        0x1 ff
 .rodata.I2C_MasterGetDefaultConfig.str1.4
                0x00005608       0x26 ./drivers/fsl_i2c.o
 *fill*         0x0000562e        0x2 ff
 .rodata.I2C_MasterTransferBlocking.str1.4
                0x00005630       0x1f ./drivers/fsl_i2c.o
 *fill*         0x0000564f        0x1 ff
 .rodata.SPI0_DriverIRQHandler.str1.4
                0x00005650       0x21 ./drivers/fsl_spi.o
 *fill*         0x00005671        0x3 ff
 .rodata.SPI1_DriverIRQHandler.str1.4
                0x00005674       0x24 ./drivers/fsl_spi.o
                                 0x21 (size before relaxing)
 .rodata.mcgliteConfig_BOARD_BootClockRUN
                0x00005698        0x6 ./board/clock_config.o
                0x00005698                mcgliteConfig_BOARD_BootClockRUN
 *fill*         0x0000569e        0x2 ff
 .rodata.simConfig_BOARD_BootClockRUN
                0x000056a0        0x8 ./board/clock_config.o
                0x000056a0                simConfig_BOARD_BootClockRUN
 .rodata.oscConfig_BOARD_BootClockRUN
                0x000056a8        0x8 ./board/clock_config.o
                0x000056a8                oscConfig_BOARD_BootClockRUN
 .rodata.PORT_SetPinConfig.str1.4
                0x000056b0       0x5c ./board/pin_mux.o
 .rodata.__num_Ciob_streams
                0x000056b0        0x4 c:/nxp/mcuxpressoide_11.1.1_3241/ide/plugins/com.nxp.mcuxpresso.tools.win32_11.1.0.202001081728/tools/bin/../lib/gcc/arm-none-eabi/8.3.1/../../../../arm-none-eabi/lib/thumb/v6-m/nofp\libcr_semihost_nf.a(__ciob.o)
                0x000056b0                __num_Ciob_streams
 .rodata.__assertion_failed.str1.1
                0x000056b4       0x15 c:/nxp/mcuxpressoide_11.1.1_3241/ide/plugins/com.nxp.mcuxpresso.tools.win32_11.1.0.202001081728/tools/bin/../lib/gcc/arm-none-eabi/8.3.1/../../../../arm-none-eabi/lib/thumb/v6-m/nofp\libcr_semihost_nf.a(_cr_assert.o)
 .rodata._Csys_alloc.str1.1
                0x000056c9       0x18 c:/nxp/mcuxpressoide_11.1.1_3241/ide/plugins/com.nxp.mcuxpresso.tools.win32_11.1.0.202001081728/tools/bin/../lib/gcc/arm-none-eabi/8.3.1/../../../../arm-none-eabi/lib/thumb/v6-m/nofp\libcr_c.a(alloc.o)
 .rodata._initio.str1.1
                0x000056e1        0x4 c:/nxp/mcuxpressoide_11.1.1_3241/ide/plugins/com.nxp.mcuxpresso.tools.win32_11.1.0.202001081728/tools/bin/../lib/gcc/arm-none-eabi/8.3.1/../../../../arm-none-eabi/lib/thumb/v6-m/nofp\libcr_c.a(initio.o)
 .rodata.__vfprintf.str1.1
                0x000056e5       0x35 c:/nxp/mcuxpressoide_11.1.1_3241/ide/plugins/com.nxp.mcuxpresso.tools.win32_11.1.0.202001081728/tools/bin/../lib/gcc/arm-none-eabi/8.3.1/../../../../arm-none-eabi/lib/thumb/v6-m/nofp\libcr_c.a(printf.o)
                                 0x38 (size before relaxing)
                0x0000571c                . = ALIGN (0x4)
 *fill*         0x0000571a        0x2 ff

.glue_7         0x0000571c        0x0
 .glue_7        0x0000571c        0x0 linker stubs

.glue_7t        0x0000571c        0x0
 .glue_7t       0x0000571c        0x0 linker stubs

.vfp11_veneer   0x0000571c        0x0
 .vfp11_veneer  0x0000571c        0x0 linker stubs

.v4_bx          0x0000571c        0x0
 .v4_bx         0x0000571c        0x0 linker stubs

.iplt           0x0000571c        0x0
 .iplt          0x0000571c        0x0 ./startup/startup_mkl43z4.o

.rel.dyn        0x0000571c        0x0
 .rel.iplt      0x0000571c        0x0 ./startup/startup_mkl43z4.o

.ARM.extab
 *(SORT_BY_ALIGNMENT(.ARM.extab*) SORT_BY_ALIGNMENT(.gnu.linkonce.armextab.*))

.ARM.exidx      0x0000571c        0x0
                0x0000571c                __exidx_start = .
 *(SORT_BY_ALIGNMENT(.ARM.exidx*) SORT_BY_ALIGNMENT(.gnu.linkonce.armexidx.*))
                0x0000571c                __exidx_end = .
                0x0000571c                _etext = .

.m_usb_data
 *(SORT_BY_ALIGNMENT(m_usb_bdt))

.mtb_buffer_default
                0x1fffe000       0x80
 *(SORT_BY_ALIGNMENT(.mtb*))
 .mtb.$RAM1     0x1fffe000       0x80 ./source/mtb.o
                0x1fffe000                __mtb_buffer__

.uninit_RESERVED
                0x1fffe080        0x0
                0x1fffe080                _start_uninit_RESERVED = .
 *(SORT_BY_ALIGNMENT(.bss.$RESERVED*))
                0x1fffe080                . = ALIGN (0x4)
                0x1fffe080                _end_uninit_RESERVED = .

.data           0x1fffe080        0x4 load address 0x0000571c
 FILL mask 0xff
                0x1fffe080                _data = .
                [!provide]                PROVIDE (__start_data_RAM = .)
                [!provide]                PROVIDE (__start_data_SRAM = .)
 *(SORT_BY_ALIGNMENT(vtable))
 *(SORT_BY_ALIGNMENT(.ramfunc*))
 *(SORT_BY_ALIGNMENT(CodeQuickAccess))
 *(SORT_BY_ALIGNMENT(DataQuickAccess))
 *(SORT_BY_ALIGNMENT(RamFunction))
 *(SORT_BY_ALIGNMENT(.data*))
 .data.SystemCoreClock
                0x1fffe080        0x4 ./device/system_MKL43Z4.o
                0x1fffe080                SystemCoreClock
                0x1fffe084                . = ALIGN (0x4)
                0x1fffe084                _edata = .
                [!provide]                PROVIDE (__end_data_RAM = .)
                [!provide]                PROVIDE (__end_data_SRAM = .)

.igot.plt       0x1fffe084        0x0 load address 0x00005720
 .igot.plt      0x1fffe084        0x0 ./startup/startup_mkl43z4.o

.bss            0x1fffe084      0x134
                0x1fffe084                _bss = .
                [!provide]                PROVIDE (__start_bss_RAM = .)
                [!provide]                PROVIDE (__start_bss_SRAM = .)
 *(SORT_BY_ALIGNMENT(.bss*))
 .bss.mag_readX
                0x1fffe084        0x4 ./source/UAV_NAVC_pruebas.o
 .bss.mag_readY
                0x1fffe088        0x4 ./source/UAV_NAVC_pruebas.o
 .bss.mag_readZ
                0x1fffe08c        0x4 ./source/UAV_NAVC_pruebas.o
 .bss.heading_angle_rad
                0x1fffe090        0x4 ./source/UAV_NAVC_pruebas.o
 .bss.heading_angle_deg
                0x1fffe094        0x4 ./source/UAV_NAVC_pruebas.o
 .bss.mag       0x1fffe098        0x6 ./source/UAV_NAVC_pruebas.o
                0x1fffe098                mag
 *fill*         0x1fffe09e        0x2 
 .bss.g_xtal0Freq
                0x1fffe0a0        0x4 ./drivers/fsl_clock.o
                0x1fffe0a0                g_xtal0Freq
 .bss.g_xtal32Freq
                0x1fffe0a4        0x4 ./drivers/fsl_clock.o
                0x1fffe0a4                g_xtal32Freq
 .bss.s_DMAHandle
                0x1fffe0a8       0x10 ./drivers/fsl_dma.o
 .bss.s_i2cHandle
                0x1fffe0b8        0x8 ./drivers/fsl_i2c.o
 .bss.s_i2cMasterIsr
                0x1fffe0c0        0x4 ./drivers/fsl_i2c.o
 .bss.s_i2cSlaveIsr
                0x1fffe0c4        0x4 ./drivers/fsl_i2c.o
 .bss.s_lpuartHandle
                0x1fffe0c8        0x8 ./drivers/fsl_lpuart.o
 .bss.s_lpuartIsr
                0x1fffe0d0        0x4 ./drivers/fsl_lpuart.o
 .bss.s_spiHandle
                0x1fffe0d4        0x8 ./drivers/fsl_spi.o
 .bss.s_spiMasterIsr
                0x1fffe0dc        0x4 ./drivers/fsl_spi.o
 .bss.s_spiSlaveIsr
                0x1fffe0e0        0x4 ./drivers/fsl_spi.o
 .bss.__Ciob    0x1fffe0e4       0xb4 c:/nxp/mcuxpressoide_11.1.1_3241/ide/plugins/com.nxp.mcuxpresso.tools.win32_11.1.0.202001081728/tools/bin/../lib/gcc/arm-none-eabi/8.3.1/../../../../arm-none-eabi/lib/thumb/v6-m/nofp\libcr_semihost_nf.a(__ciob.o)
                0x1fffe0e4                __Ciob
 .bss.errno     0x1fffe198        0x4 c:/nxp/mcuxpressoide_11.1.1_3241/ide/plugins/com.nxp.mcuxpresso.tools.win32_11.1.0.202001081728/tools/bin/../lib/gcc/arm-none-eabi/8.3.1/../../../../arm-none-eabi/lib/thumb/v6-m/nofp\libcr_c.a(errno.o)
                0x1fffe198                errno
 .bss.__end_of_heap
                0x1fffe19c        0x4 c:/nxp/mcuxpressoide_11.1.1_3241/ide/plugins/com.nxp.mcuxpresso.tools.win32_11.1.0.202001081728/tools/bin/../lib/gcc/arm-none-eabi/8.3.1/../../../../arm-none-eabi/lib/thumb/v6-m/nofp\libcr_c.a(__init_alloc.o)
                0x1fffe19c                __end_of_heap
 .bss.__heaps   0x1fffe1a0        0x4 c:/nxp/mcuxpressoide_11.1.1_3241/ide/plugins/com.nxp.mcuxpresso.tools.win32_11.1.0.202001081728/tools/bin/../lib/gcc/arm-none-eabi/8.3.1/../../../../arm-none-eabi/lib/thumb/v6-m/nofp\libcr_c.a(__init_alloc.o)
                0x1fffe1a0                __heaps
 .bss.milisec   0x1fffe1a4        0x2 ./source/MAG3110.o
                0x1fffe1a4                milisec
 .bss.Xout_Mag_16_bit_avg
                0x1fffe1a6        0x2 ./source/MAG3110.o
                0x1fffe1a6                Xout_Mag_16_bit_avg
 .bss.Yout_Mag_16_bit_avg
                0x1fffe1a8        0x2 ./source/MAG3110.o
                0x1fffe1a8                Yout_Mag_16_bit_avg
 .bss.Zout_Mag_16_bit_avg
                0x1fffe1aa        0x2 ./source/MAG3110.o
                0x1fffe1aa                Zout_Mag_16_bit_avg
 .bss.imu_readX
                0x1fffe1ac        0x2 ./source/UAV_NAVC_pruebas.o
 .bss.imu_readY
                0x1fffe1ae        0x2 ./source/UAV_NAVC_pruebas.o
 .bss.imu_readZ
                0x1fffe1b0        0x2 ./source/UAV_NAVC_pruebas.o
 .bss.calibration_iter
                0x1fffe1b2        0x1 ./source/MAG3110.o
                0x1fffe1b2                calibration_iter
 .bss.DataReady
                0x1fffe1b3        0x1 ./source/MAG3110.o
                0x1fffe1b3                DataReady
 .bss.ACC_DataReady
                0x1fffe1b4        0x1 ./source/UAV_NAVC_pruebas.o
 *(SORT_BY_ALIGNMENT(COMMON))
                0x1fffe1b8                . = ALIGN (0x4)
 *fill*         0x1fffe1b5        0x3 
                0x1fffe1b8                _ebss = .
                [!provide]                PROVIDE (__end_bss_RAM = .)
                [!provide]                PROVIDE (__end_bss_SRAM = .)
                [!provide]                PROVIDE (end = .)

.noinit         0x1fffe1b8        0x0
                0x1fffe1b8                _noinit = .
                [!provide]                PROVIDE (__start_noinit_RAM = .)
                [!provide]                PROVIDE (__start_noinit_SRAM = .)
 *(SORT_BY_ALIGNMENT(.noinit*))
                0x1fffe1b8                . = ALIGN (0x4)
                0x1fffe1b8                _end_noinit = .
                [!provide]                PROVIDE (__end_noinit_RAM = .)
                [!provide]                PROVIDE (__end_noinit_SRAM = .)
                0x00000800                _HeapSize = 0x800

.heap           0x1fffe1b8      0x800
                0x1fffe1b8                _pvHeapStart = .
                0x1fffe9b8                . = (. + _HeapSize)
 *fill*         0x1fffe1b8      0x800 
                0x1fffe9b8                . = ALIGN (0x4)
                0x1fffe9b8                _pvHeapLimit = .
                0x00000800                _StackSize = 0x800

.heap2stackfill
                0x1fffe9b8      0x800
                0x1ffff1b8                . = (. + _StackSize)
 *fill*         0x1fffe9b8      0x800 

.stack          0x20005800        0x0
                0x20005800                _vStackBase = .
                0x20005800                . = ALIGN (0x4)
                0x20006000                _vStackTop = (. + _StackSize)
                0x00000000                _image_start = LOADADDR (.text)
                0x00005720                _image_end = (LOADADDR (.data) + SIZEOF (.data))
                0x00005720                _image_size = (_image_end - _image_start)
OUTPUT(UAV_NAVC_pruebas.axf elf32-littlearm)

.debug_info     0x00000000     0xdfaa
 .debug_info    0x00000000      0x4d3 ./startup/startup_mkl43z4.o
 .debug_info    0x000004d3      0xaa2 ./source/I2C.o
 .debug_info    0x00000f75      0xa36 ./source/MAG3110.o
 .debug_info    0x000019ab      0xacd ./source/MMA8451.o
 .debug_info    0x00002478     0x12f0 ./source/UAV_NAVC_pruebas.o
 .debug_info    0x00003768      0xcb2 ./source/init_board.o
 .debug_info    0x0000441a       0x53 ./source/mtb.o
 .debug_info    0x0000446d       0x3c ./source/semihost_hardfault.o
 .debug_info    0x000044a9     0x134c ./drivers/fsl_clock.o
 .debug_info    0x000057f5     0x107c ./drivers/fsl_dma.o
 .debug_info    0x00006871      0x8c4 ./drivers/fsl_gpio.o
 .debug_info    0x00007135     0x1cab ./drivers/fsl_i2c.o
 .debug_info    0x00008de0     0x17dc ./drivers/fsl_lpuart.o
 .debug_info    0x0000a5bc     0x1836 ./drivers/fsl_spi.o
 .debug_info    0x0000bdf2      0x495 ./device/system_MKL43Z4.o
 .debug_info    0x0000c287      0x837 ./board/board.o
 .debug_info    0x0000cabe      0xb40 ./board/clock_config.o
 .debug_info    0x0000d5fe       0x4e ./board/peripherals.o
 .debug_info    0x0000d64c      0x95e ./board/pin_mux.o

.debug_abbrev   0x00000000     0x296f
 .debug_abbrev  0x00000000      0x1ad ./startup/startup_mkl43z4.o
 .debug_abbrev  0x000001ad      0x242 ./source/I2C.o
 .debug_abbrev  0x000003ef      0x261 ./source/MAG3110.o
 .debug_abbrev  0x00000650      0x23e ./source/MMA8451.o
 .debug_abbrev  0x0000088e      0x337 ./source/UAV_NAVC_pruebas.o
 .debug_abbrev  0x00000bc5      0x29e ./source/init_board.o
 .debug_abbrev  0x00000e63       0x46 ./source/mtb.o
 .debug_abbrev  0x00000ea9       0x31 ./source/semihost_hardfault.o
 .debug_abbrev  0x00000eda      0x2cf ./drivers/fsl_clock.o
 .debug_abbrev  0x000011a9      0x301 ./drivers/fsl_dma.o
 .debug_abbrev  0x000014aa      0x23f ./drivers/fsl_gpio.o
 .debug_abbrev  0x000016e9      0x38c ./drivers/fsl_i2c.o
 .debug_abbrev  0x00001a75      0x330 ./drivers/fsl_lpuart.o
 .debug_abbrev  0x00001da5      0x386 ./drivers/fsl_spi.o
 .debug_abbrev  0x0000212b      0x170 ./device/system_MKL43Z4.o
 .debug_abbrev  0x0000229b      0x1e3 ./board/board.o
 .debug_abbrev  0x0000247e      0x1ed ./board/clock_config.o
 .debug_abbrev  0x0000266b       0x4b ./board/peripherals.o
 .debug_abbrev  0x000026b6      0x2b9 ./board/pin_mux.o

.debug_aranges  0x00000000      0xad8
 .debug_aranges
                0x00000000      0x160 ./startup/startup_mkl43z4.o
 .debug_aranges
                0x00000160       0x50 ./source/I2C.o
 .debug_aranges
                0x000001b0       0x68 ./source/MAG3110.o
 .debug_aranges
                0x00000218       0x48 ./source/MMA8451.o
 .debug_aranges
                0x00000260       0x68 ./source/UAV_NAVC_pruebas.o
 .debug_aranges
                0x000002c8       0x70 ./source/init_board.o
 .debug_aranges
                0x00000338       0x18 ./source/mtb.o
 .debug_aranges
                0x00000350       0x20 ./source/semihost_hardfault.o
 .debug_aranges
                0x00000370       0xd0 ./drivers/fsl_clock.o
 .debug_aranges
                0x00000440       0xd0 ./drivers/fsl_dma.o
 .debug_aranges
                0x00000510       0x68 ./drivers/fsl_gpio.o
 .debug_aranges
                0x00000578      0x178 ./drivers/fsl_i2c.o
 .debug_aranges
                0x000006f0      0x120 ./drivers/fsl_lpuart.o
 .debug_aranges
                0x00000810      0x148 ./drivers/fsl_spi.o
 .debug_aranges
                0x00000958       0x30 ./device/system_MKL43Z4.o
 .debug_aranges
                0x00000988       0x30 ./board/board.o
 .debug_aranges
                0x000009b8       0x80 ./board/clock_config.o
 .debug_aranges
                0x00000a38       0x28 ./board/peripherals.o
 .debug_aranges
                0x00000a60       0x78 ./board/pin_mux.o

.debug_ranges   0x00000000      0x9a0
 .debug_ranges  0x00000000      0x150 ./startup/startup_mkl43z4.o
 .debug_ranges  0x00000150       0x40 ./source/I2C.o
 .debug_ranges  0x00000190       0x58 ./source/MAG3110.o
 .debug_ranges  0x000001e8       0x38 ./source/MMA8451.o
 .debug_ranges  0x00000220       0x58 ./source/UAV_NAVC_pruebas.o
 .debug_ranges  0x00000278       0x60 ./source/init_board.o
 .debug_ranges  0x000002d8       0x10 ./source/semihost_hardfault.o
 .debug_ranges  0x000002e8       0xc0 ./drivers/fsl_clock.o
 .debug_ranges  0x000003a8       0xc0 ./drivers/fsl_dma.o
 .debug_ranges  0x00000468       0x58 ./drivers/fsl_gpio.o
 .debug_ranges  0x000004c0      0x168 ./drivers/fsl_i2c.o
 .debug_ranges  0x00000628      0x110 ./drivers/fsl_lpuart.o
 .debug_ranges  0x00000738      0x138 ./drivers/fsl_spi.o
 .debug_ranges  0x00000870       0x20 ./device/system_MKL43Z4.o
 .debug_ranges  0x00000890       0x20 ./board/board.o
 .debug_ranges  0x000008b0       0x70 ./board/clock_config.o
 .debug_ranges  0x00000920       0x18 ./board/peripherals.o
 .debug_ranges  0x00000938       0x68 ./board/pin_mux.o

.debug_macro    0x00000000     0x1a4d
 .debug_macro   0x00000000       0x29 ./startup/startup_mkl43z4.o
 .debug_macro   0x00000029      0x180 ./source/I2C.o
 .debug_macro   0x000001a9       0x1c ./source/I2C.o
 .debug_macro   0x000001c5       0x22 ./source/I2C.o
 .debug_macro   0x000001e7       0x1c ./source/I2C.o
 .debug_macro   0x00000203       0x16 ./source/I2C.o
 .debug_macro   0x00000219      0x1b5 ./source/I2C.o
 .debug_macro   0x000003ce       0x70 ./source/I2C.o
 .debug_macro   0x0000043e       0x16 ./source/I2C.o
 .debug_macro   0x00000454       0x22 ./source/I2C.o
 .debug_macro   0x00000476      0x1b8 ./source/I2C.o
 .debug_macro   0x0000062e      0x178 ./source/MAG3110.o
 .debug_macro   0x000007a6       0x40 ./source/MAG3110.o
 .debug_macro   0x000007e6       0x1c ./source/MAG3110.o
 .debug_macro   0x00000802       0x2e ./source/MAG3110.o
 .debug_macro   0x00000830      0x18b ./source/MMA8451.o
 .debug_macro   0x000009bb       0x10 ./source/MMA8451.o
 .debug_macro   0x000009cb      0x1b9 ./source/UAV_NAVC_pruebas.o
 .debug_macro   0x00000b84       0xd8 ./source/UAV_NAVC_pruebas.o
 .debug_macro   0x00000c5c       0xc4 ./source/UAV_NAVC_pruebas.o
 .debug_macro   0x00000d20      0x163 ./source/init_board.o
 .debug_macro   0x00000e83       0x10 ./source/init_board.o
 .debug_macro   0x00000e93       0x2f ./source/mtb.o
 .debug_macro   0x00000ec2       0x82 ./source/mtb.o
 .debug_macro   0x00000f44       0x10 ./source/mtb.o
 .debug_macro   0x00000f54       0x11 ./source/semihost_hardfault.o
 .debug_macro   0x00000f65      0x12f ./drivers/fsl_clock.o
 .debug_macro   0x00001094      0x103 ./drivers/fsl_dma.o
 .debug_macro   0x00001197      0x102 ./drivers/fsl_gpio.o
 .debug_macro   0x00001299       0x10 ./drivers/fsl_gpio.o
 .debug_macro   0x000012a9      0x102 ./drivers/fsl_i2c.o
 .debug_macro   0x000013ab      0x102 ./drivers/fsl_lpuart.o
 .debug_macro   0x000014ad       0x10 ./drivers/fsl_lpuart.o
 .debug_macro   0x000014bd      0x102 ./drivers/fsl_spi.o
 .debug_macro   0x000015bf       0x16 ./drivers/fsl_spi.o
 .debug_macro   0x000015d5       0x97 ./device/system_MKL43Z4.o
 .debug_macro   0x0000166c      0x168 ./board/board.o
 .debug_macro   0x000017d4       0x16 ./board/board.o
 .debug_macro   0x000017ea      0x140 ./board/clock_config.o
 .debug_macro   0x0000192a       0x1b ./board/peripherals.o
 .debug_macro   0x00001945      0x108 ./board/pin_mux.o

.debug_line     0x00000000     0x7ed5
 .debug_line    0x00000000      0x1e5 ./startup/startup_mkl43z4.o
 .debug_line    0x000001e5      0x584 ./source/I2C.o
 .debug_line    0x00000769      0x6a6 ./source/MAG3110.o
 .debug_line    0x00000e0f      0x671 ./source/MMA8451.o
 .debug_line    0x00001480      0x8e7 ./source/UAV_NAVC_pruebas.o
 .debug_line    0x00001d67      0x62e ./source/init_board.o
 .debug_line    0x00002395       0xd1 ./source/mtb.o
 .debug_line    0x00002466       0x5a ./source/semihost_hardfault.o
 .debug_line    0x000024c0      0x848 ./drivers/fsl_clock.o
 .debug_line    0x00002d08      0x785 ./drivers/fsl_dma.o
 .debug_line    0x0000348d      0x4d2 ./drivers/fsl_gpio.o
 .debug_line    0x0000395f     0x13ee ./drivers/fsl_i2c.o
 .debug_line    0x00004d4d      0xe4b ./drivers/fsl_lpuart.o
 .debug_line    0x00005b98      0xf4e ./drivers/fsl_spi.o
 .debug_line    0x00006ae6      0x2df ./device/system_MKL43Z4.o
 .debug_line    0x00006dc5      0x4da ./board/board.o
 .debug_line    0x0000729f      0x4ff ./board/clock_config.o
 .debug_line    0x0000779e       0x71 ./board/peripherals.o
 .debug_line    0x0000780f      0x6c6 ./board/pin_mux.o

.debug_str      0x00000000    0x56f32
 .debug_str     0x00000000     0x3178 ./startup/startup_mkl43z4.o
                               0x31e8 (size before relaxing)
 .debug_str     0x00003178    0x4d88d ./source/I2C.o
                              0x508a9 (size before relaxing)
 .debug_str     0x00050a05     0x1747 ./source/MAG3110.o
                              0x5016a (size before relaxing)
 .debug_str     0x0005214c      0x21f ./source/MMA8451.o
                              0x50279 (size before relaxing)
 .debug_str     0x0005236b      0xa23 ./source/UAV_NAVC_pruebas.o
                              0x520a5 (size before relaxing)
 .debug_str     0x00052d8e      0x27e ./source/init_board.o
                              0x5051c (size before relaxing)
 .debug_str     0x0005300c      0x532 ./source/mtb.o
                               0x32e7 (size before relaxing)
 .debug_str     0x0005353e       0x1f ./source/semihost_hardfault.o
                               0x2dd4 (size before relaxing)
 .debug_str     0x0005355d      0x85e ./drivers/fsl_clock.o
                              0x4ff92 (size before relaxing)
 .debug_str     0x00053dbb      0x776 ./drivers/fsl_dma.o
                              0x4fccc (size before relaxing)
 .debug_str     0x00054531       0xe1 ./drivers/fsl_gpio.o
                              0x4f30b (size before relaxing)
 .debug_str     0x00054612      0x95b ./drivers/fsl_i2c.o
                              0x5026e (size before relaxing)
 .debug_str     0x00054f6d      0xdcd ./drivers/fsl_lpuart.o
                              0x50398 (size before relaxing)
 .debug_str     0x00055d3a      0xac7 ./drivers/fsl_spi.o
                              0x500eb (size before relaxing)
 .debug_str     0x00056801       0x7c ./device/system_MKL43Z4.o
                              0x4db67 (size before relaxing)
 .debug_str     0x0005687d       0xda ./board/board.o
                              0x504a9 (size before relaxing)
 .debug_str     0x00056957      0x434 ./board/clock_config.o
                              0x4fa28 (size before relaxing)
 .debug_str     0x00056d8b       0x47 ./board/peripherals.o
                               0x2dfb (size before relaxing)
 .debug_str     0x00056dd2      0x160 ./board/pin_mux.o
                              0x4f6d4 (size before relaxing)

.comment        0x00000000       0x76
 .comment       0x00000000       0x76 ./startup/startup_mkl43z4.o
                                 0x77 (size before relaxing)
 .comment       0x00000076       0x77 ./source/I2C.o
 .comment       0x00000076       0x77 ./source/MAG3110.o
 .comment       0x00000076       0x77 ./source/MMA8451.o
 .comment       0x00000076       0x77 ./source/UAV_NAVC_pruebas.o
 .comment       0x00000076       0x77 ./source/init_board.o
 .comment       0x00000076       0x77 ./source/mtb.o
 .comment       0x00000076       0x77 ./source/semihost_hardfault.o
 .comment       0x00000076       0x77 ./drivers/fsl_clock.o
 .comment       0x00000076       0x77 ./drivers/fsl_dma.o
 .comment       0x00000076       0x77 ./drivers/fsl_gpio.o
 .comment       0x00000076       0x77 ./drivers/fsl_i2c.o
 .comment       0x00000076       0x77 ./drivers/fsl_lpuart.o
 .comment       0x00000076       0x77 ./drivers/fsl_spi.o
 .comment       0x00000076       0x77 ./device/system_MKL43Z4.o
 .comment       0x00000076       0x77 ./board/board.o
 .comment       0x00000076       0x77 ./board/clock_config.o
 .comment       0x00000076       0x77 ./board/peripherals.o
 .comment       0x00000076       0x77 ./board/pin_mux.o
 .comment       0x00000076       0x77 c:/nxp/mcuxpressoide_11.1.1_3241/ide/plugins/com.nxp.mcuxpresso.tools.win32_11.1.0.202001081728/tools/bin/../lib/gcc/arm-none-eabi/8.3.1/../../../../arm-none-eabi/lib/thumb/v6-m/nofp\libcr_semihost_nf.a(_cr__main.o)
 .comment       0x00000076       0x77 c:/nxp/mcuxpressoide_11.1.1_3241/ide/plugins/com.nxp.mcuxpresso.tools.win32_11.1.0.202001081728/tools/bin/../lib/gcc/arm-none-eabi/8.3.1/../../../../arm-none-eabi/lib/thumb/v6-m/nofp\libcr_semihost_nf.a(_cr_assert.o)
 .comment       0x00000076       0x77 c:/nxp/mcuxpressoide_11.1.1_3241/ide/plugins/com.nxp.mcuxpresso.tools.win32_11.1.0.202001081728/tools/bin/../lib/gcc/arm-none-eabi/8.3.1/../../../../arm-none-eabi/lib/thumb/v6-m/nofp\libcr_semihost_nf.a(__ciob.o)
 .comment       0x00000076       0x77 c:/nxp/mcuxpressoide_11.1.1_3241/ide/plugins/com.nxp.mcuxpresso.tools.win32_11.1.0.202001081728/tools/bin/../lib/gcc/arm-none-eabi/8.3.1/../../../../arm-none-eabi/lib/thumb/v6-m/nofp\libcr_c.a(memset.o)
 .comment       0x00000076       0x77 c:/nxp/mcuxpressoide_11.1.1_3241/ide/plugins/com.nxp.mcuxpresso.tools.win32_11.1.0.202001081728/tools/bin/../lib/gcc/arm-none-eabi/8.3.1/../../../../arm-none-eabi/lib/thumb/v6-m/nofp\libcr_c.a(_deferredlazyseek.o)
 .comment       0x00000076       0x77 c:/nxp/mcuxpressoide_11.1.1_3241/ide/plugins/com.nxp.mcuxpresso.tools.win32_11.1.0.202001081728/tools/bin/../lib/gcc/arm-none-eabi/8.3.1/../../../../arm-none-eabi/lib/thumb/v6-m/nofp\libcr_c.a(_fflush.o)
 .comment       0x00000076       0x77 c:/nxp/mcuxpressoide_11.1.1_3241/ide/plugins/com.nxp.mcuxpresso.tools.win32_11.1.0.202001081728/tools/bin/../lib/gcc/arm-none-eabi/8.3.1/../../../../arm-none-eabi/lib/thumb/v6-m/nofp\libcr_c.a(_writebuf.o)
 .comment       0x00000076       0x77 c:/nxp/mcuxpressoide_11.1.1_3241/ide/plugins/com.nxp.mcuxpresso.tools.win32_11.1.0.202001081728/tools/bin/../lib/gcc/arm-none-eabi/8.3.1/../../../../arm-none-eabi/lib/thumb/v6-m/nofp\libcr_c.a(alloc.o)
 .comment       0x00000076       0x77 c:/nxp/mcuxpressoide_11.1.1_3241/ide/plugins/com.nxp.mcuxpresso.tools.win32_11.1.0.202001081728/tools/bin/../lib/gcc/arm-none-eabi/8.3.1/../../../../arm-none-eabi/lib/thumb/v6-m/nofp\libcr_c.a(atan2.o)
 .comment       0x00000076       0x77 c:/nxp/mcuxpressoide_11.1.1_3241/ide/plugins/com.nxp.mcuxpresso.tools.win32_11.1.0.202001081728/tools/bin/../lib/gcc/arm-none-eabi/8.3.1/../../../../arm-none-eabi/lib/thumb/v6-m/nofp\libcr_c.a(errno.o)
 .comment       0x00000076       0x77 c:/nxp/mcuxpressoide_11.1.1_3241/ide/plugins/com.nxp.mcuxpresso.tools.win32_11.1.0.202001081728/tools/bin/../lib/gcc/arm-none-eabi/8.3.1/../../../../arm-none-eabi/lib/thumb/v6-m/nofp\libcr_c.a(fabs.o)
 .comment       0x00000076       0x77 c:/nxp/mcuxpressoide_11.1.1_3241/ide/plugins/com.nxp.mcuxpresso.tools.win32_11.1.0.202001081728/tools/bin/../lib/gcc/arm-none-eabi/8.3.1/../../../../arm-none-eabi/lib/thumb/v6-m/nofp\libcr_c.a(fputs.o)
 .comment       0x00000076       0x77 c:/nxp/mcuxpressoide_11.1.1_3241/ide/plugins/com.nxp.mcuxpresso.tools.win32_11.1.0.202001081728/tools/bin/../lib/gcc/arm-none-eabi/8.3.1/../../../../arm-none-eabi/lib/thumb/v6-m/nofp\libcr_c.a(fseek.o)
 .comment       0x00000076       0x77 c:/nxp/mcuxpressoide_11.1.1_3241/ide/plugins/com.nxp.mcuxpresso.tools.win32_11.1.0.202001081728/tools/bin/../lib/gcc/arm-none-eabi/8.3.1/../../../../arm-none-eabi/lib/thumb/v6-m/nofp\libcr_c.a(ftell.o)
 .comment       0x00000076       0x77 c:/nxp/mcuxpressoide_11.1.1_3241/ide/plugins/com.nxp.mcuxpresso.tools.win32_11.1.0.202001081728/tools/bin/../lib/gcc/arm-none-eabi/8.3.1/../../../../arm-none-eabi/lib/thumb/v6-m/nofp\libcr_c.a(initio.o)
 .comment       0x00000076       0x77 c:/nxp/mcuxpressoide_11.1.1_3241/ide/plugins/com.nxp.mcuxpresso.tools.win32_11.1.0.202001081728/tools/bin/../lib/gcc/arm-none-eabi/8.3.1/../../../../arm-none-eabi/lib/thumb/v6-m/nofp\libcr_c.a(printf.o)
 .comment       0x00000076       0x77 c:/nxp/mcuxpressoide_11.1.1_3241/ide/plugins/com.nxp.mcuxpresso.tools.win32_11.1.0.202001081728/tools/bin/../lib/gcc/arm-none-eabi/8.3.1/../../../../arm-none-eabi/lib/thumb/v6-m/nofp\libcr_c.a(setvbuf.o)
 .comment       0x00000076       0x77 c:/nxp/mcuxpressoide_11.1.1_3241/ide/plugins/com.nxp.mcuxpresso.tools.win32_11.1.0.202001081728/tools/bin/../lib/gcc/arm-none-eabi/8.3.1/../../../../arm-none-eabi/lib/thumb/v6-m/nofp\libcr_c.a(strlen.o)
 .comment       0x00000076       0x77 c:/nxp/mcuxpressoide_11.1.1_3241/ide/plugins/com.nxp.mcuxpresso.tools.win32_11.1.0.202001081728/tools/bin/../lib/gcc/arm-none-eabi/8.3.1/../../../../arm-none-eabi/lib/thumb/v6-m/nofp\libcr_c.a(__init_alloc.o)
 .comment       0x00000076       0x77 c:/nxp/mcuxpressoide_11.1.1_3241/ide/plugins/com.nxp.mcuxpresso.tools.win32_11.1.0.202001081728/tools/bin/../lib/gcc/arm-none-eabi/8.3.1/../../../../arm-none-eabi/lib/thumb/v6-m/nofp\libcr_c.a(_cr_sbrk.o)
 .comment       0x00000076       0x77 c:/nxp/mcuxpressoide_11.1.1_3241/ide/plugins/com.nxp.mcuxpresso.tools.win32_11.1.0.202001081728/tools/bin/../lib/gcc/arm-none-eabi/8.3.1/../../../../arm-none-eabi/lib/thumb/v6-m/nofp\libcr_c.a(_fdopen.o)
 .comment       0x00000076       0x77 c:/nxp/mcuxpressoide_11.1.1_3241/ide/plugins/com.nxp.mcuxpresso.tools.win32_11.1.0.202001081728/tools/bin/../lib/gcc/arm-none-eabi/8.3.1/../../../../arm-none-eabi/lib/thumb/v6-m/nofp\libcr_c.a(atan.o)
 .comment       0x00000076       0x77 c:/nxp/mcuxpressoide_11.1.1_3241/ide/plugins/com.nxp.mcuxpresso.tools.win32_11.1.0.202001081728/tools/bin/../lib/gcc/arm-none-eabi/8.3.1/../../../../arm-none-eabi/lib/thumb/v6-m/nofp\libcr_c.a(fclose.o)
 .comment       0x00000076       0x77 c:/nxp/mcuxpressoide_11.1.1_3241/ide/plugins/com.nxp.mcuxpresso.tools.win32_11.1.0.202001081728/tools/bin/../lib/gcc/arm-none-eabi/8.3.1/../../../../arm-none-eabi/lib/thumb/v6-m/nofp\libcr_c.a(fflush.o)
 .comment       0x00000076       0x77 c:/nxp/mcuxpressoide_11.1.1_3241/ide/plugins/com.nxp.mcuxpresso.tools.win32_11.1.0.202001081728/tools/bin/../lib/gcc/arm-none-eabi/8.3.1/../../../../arm-none-eabi/lib/thumb/v6-m/nofp\libcr_c.a(remove.o)
 .comment       0x00000076       0x77 c:/nxp/mcuxpressoide_11.1.1_3241/ide/plugins/com.nxp.mcuxpresso.tools.win32_11.1.0.202001081728/tools/bin/../lib/gcc/arm-none-eabi/8.3.1/../../../../arm-none-eabi/lib/thumb/v6-m/nofp\libcr_c.a(_cr_check_heap.o)
 .comment       0x00000076       0x77 c:/nxp/mcuxpressoide_11.1.1_3241/ide/plugins/com.nxp.mcuxpresso.tools.win32_11.1.0.202001081728/tools/bin/../lib/gcc/arm-none-eabi/8.3.1/../../../../arm-none-eabi/lib/thumb/v6-m/nofp\libcr_c.a(_do_fflush.o)
 .comment       0x00000076       0x77 c:/nxp/mcuxpressoide_11.1.1_3241/ide/plugins/com.nxp.mcuxpresso.tools.win32_11.1.0.202001081728/tools/bin/../lib/gcc/arm-none-eabi/8.3.1/thumb/v6-m/nofp\libcr_eabihelpers.a(double.o)
 .comment       0x00000076       0x77 c:/nxp/mcuxpressoide_11.1.1_3241/ide/plugins/com.nxp.mcuxpresso.tools.win32_11.1.0.202001081728/tools/bin/../lib/gcc/arm-none-eabi/8.3.1/thumb/v6-m/nofp\libcr_eabihelpers.a(float.o)

.ARM.attributes
                0x00000000       0x2a
 .ARM.attributes
                0x00000000       0x2c ./startup/startup_mkl43z4.o
 .ARM.attributes
                0x0000002c       0x2c ./source/I2C.o
 .ARM.attributes
                0x00000058       0x2c ./source/MAG3110.o
 .ARM.attributes
                0x00000084       0x2c ./source/MMA8451.o
 .ARM.attributes
                0x000000b0       0x2c ./source/UAV_NAVC_pruebas.o
 .ARM.attributes
                0x000000dc       0x2c ./source/init_board.o
 .ARM.attributes
                0x00000108       0x32 ./source/mtb.o
 .ARM.attributes
                0x0000013a       0x2c ./source/semihost_hardfault.o
 .ARM.attributes
                0x00000166       0x2c ./drivers/fsl_clock.o
 .ARM.attributes
                0x00000192       0x2c ./drivers/fsl_dma.o
 .ARM.attributes
                0x000001be       0x2c ./drivers/fsl_gpio.o
 .ARM.attributes
                0x000001ea       0x2c ./drivers/fsl_i2c.o
 .ARM.attributes
                0x00000216       0x2c ./drivers/fsl_lpuart.o
 .ARM.attributes
                0x00000242       0x2c ./drivers/fsl_spi.o
 .ARM.attributes
                0x0000026e       0x2c ./device/system_MKL43Z4.o
 .ARM.attributes
                0x0000029a       0x2c ./board/board.o
 .ARM.attributes
                0x000002c6       0x2c ./board/clock_config.o
 .ARM.attributes
                0x000002f2       0x2c ./board/peripherals.o
 .ARM.attributes
                0x0000031e       0x2c ./board/pin_mux.o
 .ARM.attributes
                0x0000034a       0x2c c:/nxp/mcuxpressoide_11.1.1_3241/ide/plugins/com.nxp.mcuxpresso.tools.win32_11.1.0.202001081728/tools/bin/../lib/gcc/arm-none-eabi/8.3.1/../../../../arm-none-eabi/lib/thumb/v6-m/nofp\libcr_semihost_nf.a(_cr__main.o)
 .ARM.attributes
                0x00000376       0x2c c:/nxp/mcuxpressoide_11.1.1_3241/ide/plugins/com.nxp.mcuxpresso.tools.win32_11.1.0.202001081728/tools/bin/../lib/gcc/arm-none-eabi/8.3.1/../../../../arm-none-eabi/lib/thumb/v6-m/nofp\libcr_semihost_nf.a(_cr_assert.o)
 .ARM.attributes
                0x000003a2       0x31 c:/nxp/mcuxpressoide_11.1.1_3241/ide/plugins/com.nxp.mcuxpresso.tools.win32_11.1.0.202001081728/tools/bin/../lib/gcc/arm-none-eabi/8.3.1/../../../../arm-none-eabi/lib/thumb/v6-m/nofp\libcr_semihost_nf.a(__ciob.o)
 .ARM.attributes
                0x000003d3       0x1c c:/nxp/mcuxpressoide_11.1.1_3241/ide/plugins/com.nxp.mcuxpresso.tools.win32_11.1.0.202001081728/tools/bin/../lib/gcc/arm-none-eabi/8.3.1/../../../../arm-none-eabi/lib/thumb/v6-m/nofp\libcr_semihost_nf.a(__sys_appexit.o)
 .ARM.attributes
                0x000003ef       0x2c c:/nxp/mcuxpressoide_11.1.1_3241/ide/plugins/com.nxp.mcuxpresso.tools.win32_11.1.0.202001081728/tools/bin/../lib/gcc/arm-none-eabi/8.3.1/../../../../arm-none-eabi/lib/thumb/v6-m/nofp\libcr_c.a(memset.o)
 .ARM.attributes
                0x0000041b       0x2c c:/nxp/mcuxpressoide_11.1.1_3241/ide/plugins/com.nxp.mcuxpresso.tools.win32_11.1.0.202001081728/tools/bin/../lib/gcc/arm-none-eabi/8.3.1/../../../../arm-none-eabi/lib/thumb/v6-m/nofp\libcr_c.a(_deferredlazyseek.o)
 .ARM.attributes
                0x00000447       0x2c c:/nxp/mcuxpressoide_11.1.1_3241/ide/plugins/com.nxp.mcuxpresso.tools.win32_11.1.0.202001081728/tools/bin/../lib/gcc/arm-none-eabi/8.3.1/../../../../arm-none-eabi/lib/thumb/v6-m/nofp\libcr_c.a(_fflush.o)
 .ARM.attributes
                0x00000473       0x2c c:/nxp/mcuxpressoide_11.1.1_3241/ide/plugins/com.nxp.mcuxpresso.tools.win32_11.1.0.202001081728/tools/bin/../lib/gcc/arm-none-eabi/8.3.1/../../../../arm-none-eabi/lib/thumb/v6-m/nofp\libcr_c.a(_writebuf.o)
 .ARM.attributes
                0x0000049f       0x2c c:/nxp/mcuxpressoide_11.1.1_3241/ide/plugins/com.nxp.mcuxpresso.tools.win32_11.1.0.202001081728/tools/bin/../lib/gcc/arm-none-eabi/8.3.1/../../../../arm-none-eabi/lib/thumb/v6-m/nofp\libcr_c.a(alloc.o)
 .ARM.attributes
                0x000004cb       0x2c c:/nxp/mcuxpressoide_11.1.1_3241/ide/plugins/com.nxp.mcuxpresso.tools.win32_11.1.0.202001081728/tools/bin/../lib/gcc/arm-none-eabi/8.3.1/../../../../arm-none-eabi/lib/thumb/v6-m/nofp\libcr_c.a(atan2.o)
 .ARM.attributes
                0x000004f7       0x31 c:/nxp/mcuxpressoide_11.1.1_3241/ide/plugins/com.nxp.mcuxpresso.tools.win32_11.1.0.202001081728/tools/bin/../lib/gcc/arm-none-eabi/8.3.1/../../../../arm-none-eabi/lib/thumb/v6-m/nofp\libcr_c.a(errno.o)
 .ARM.attributes
                0x00000528       0x2c c:/nxp/mcuxpressoide_11.1.1_3241/ide/plugins/com.nxp.mcuxpresso.tools.win32_11.1.0.202001081728/tools/bin/../lib/gcc/arm-none-eabi/8.3.1/../../../../arm-none-eabi/lib/thumb/v6-m/nofp\libcr_c.a(fabs.o)
 .ARM.attributes
                0x00000554       0x2c c:/nxp/mcuxpressoide_11.1.1_3241/ide/plugins/com.nxp.mcuxpresso.tools.win32_11.1.0.202001081728/tools/bin/../lib/gcc/arm-none-eabi/8.3.1/../../../../arm-none-eabi/lib/thumb/v6-m/nofp\libcr_c.a(fputs.o)
 .ARM.attributes
                0x00000580       0x2c c:/nxp/mcuxpressoide_11.1.1_3241/ide/plugins/com.nxp.mcuxpresso.tools.win32_11.1.0.202001081728/tools/bin/../lib/gcc/arm-none-eabi/8.3.1/../../../../arm-none-eabi/lib/thumb/v6-m/nofp\libcr_c.a(fseek.o)
 .ARM.attributes
                0x000005ac       0x2c c:/nxp/mcuxpressoide_11.1.1_3241/ide/plugins/com.nxp.mcuxpresso.tools.win32_11.1.0.202001081728/tools/bin/../lib/gcc/arm-none-eabi/8.3.1/../../../../arm-none-eabi/lib/thumb/v6-m/nofp\libcr_c.a(ftell.o)
 .ARM.attributes
                0x000005d8       0x2c c:/nxp/mcuxpressoide_11.1.1_3241/ide/plugins/com.nxp.mcuxpresso.tools.win32_11.1.0.202001081728/tools/bin/../lib/gcc/arm-none-eabi/8.3.1/../../../../arm-none-eabi/lib/thumb/v6-m/nofp\libcr_c.a(initio.o)
 .ARM.attributes
                0x00000604       0x2c c:/nxp/mcuxpressoide_11.1.1_3241/ide/plugins/com.nxp.mcuxpresso.tools.win32_11.1.0.202001081728/tools/bin/../lib/gcc/arm-none-eabi/8.3.1/../../../../arm-none-eabi/lib/thumb/v6-m/nofp\libcr_c.a(printf.o)
 .ARM.attributes
                0x00000630       0x2c c:/nxp/mcuxpressoide_11.1.1_3241/ide/plugins/com.nxp.mcuxpresso.tools.win32_11.1.0.202001081728/tools/bin/../lib/gcc/arm-none-eabi/8.3.1/../../../../arm-none-eabi/lib/thumb/v6-m/nofp\libcr_c.a(setvbuf.o)
 .ARM.attributes
                0x0000065c       0x2c c:/nxp/mcuxpressoide_11.1.1_3241/ide/plugins/com.nxp.mcuxpresso.tools.win32_11.1.0.202001081728/tools/bin/../lib/gcc/arm-none-eabi/8.3.1/../../../../arm-none-eabi/lib/thumb/v6-m/nofp\libcr_c.a(strlen.o)
 .ARM.attributes
                0x00000688       0x2c c:/nxp/mcuxpressoide_11.1.1_3241/ide/plugins/com.nxp.mcuxpresso.tools.win32_11.1.0.202001081728/tools/bin/../lib/gcc/arm-none-eabi/8.3.1/../../../../arm-none-eabi/lib/thumb/v6-m/nofp\libcr_c.a(__init_alloc.o)
 .ARM.attributes
                0x000006b4       0x2c c:/nxp/mcuxpressoide_11.1.1_3241/ide/plugins/com.nxp.mcuxpresso.tools.win32_11.1.0.202001081728/tools/bin/../lib/gcc/arm-none-eabi/8.3.1/../../../../arm-none-eabi/lib/thumb/v6-m/nofp\libcr_c.a(_cr_sbrk.o)
 .ARM.attributes
                0x000006e0       0x2c c:/nxp/mcuxpressoide_11.1.1_3241/ide/plugins/com.nxp.mcuxpresso.tools.win32_11.1.0.202001081728/tools/bin/../lib/gcc/arm-none-eabi/8.3.1/../../../../arm-none-eabi/lib/thumb/v6-m/nofp\libcr_c.a(_fdopen.o)
 .ARM.attributes
                0x0000070c       0x2c c:/nxp/mcuxpressoide_11.1.1_3241/ide/plugins/com.nxp.mcuxpresso.tools.win32_11.1.0.202001081728/tools/bin/../lib/gcc/arm-none-eabi/8.3.1/../../../../arm-none-eabi/lib/thumb/v6-m/nofp\libcr_c.a(atan.o)
 .ARM.attributes
                0x00000738       0x2c c:/nxp/mcuxpressoide_11.1.1_3241/ide/plugins/com.nxp.mcuxpresso.tools.win32_11.1.0.202001081728/tools/bin/../lib/gcc/arm-none-eabi/8.3.1/../../../../arm-none-eabi/lib/thumb/v6-m/nofp\libcr_c.a(fclose.o)
 .ARM.attributes
                0x00000764       0x2c c:/nxp/mcuxpressoide_11.1.1_3241/ide/plugins/com.nxp.mcuxpresso.tools.win32_11.1.0.202001081728/tools/bin/../lib/gcc/arm-none-eabi/8.3.1/../../../../arm-none-eabi/lib/thumb/v6-m/nofp\libcr_c.a(fflush.o)
 .ARM.attributes
                0x00000790       0x2c c:/nxp/mcuxpressoide_11.1.1_3241/ide/plugins/com.nxp.mcuxpresso.tools.win32_11.1.0.202001081728/tools/bin/../lib/gcc/arm-none-eabi/8.3.1/../../../../arm-none-eabi/lib/thumb/v6-m/nofp\libcr_c.a(remove.o)
 .ARM.attributes
                0x000007bc       0x2c c:/nxp/mcuxpressoide_11.1.1_3241/ide/plugins/com.nxp.mcuxpresso.tools.win32_11.1.0.202001081728/tools/bin/../lib/gcc/arm-none-eabi/8.3.1/../../../../arm-none-eabi/lib/thumb/v6-m/nofp\libcr_c.a(_cr_check_heap.o)
 .ARM.attributes
                0x000007e8       0x2c c:/nxp/mcuxpressoide_11.1.1_3241/ide/plugins/com.nxp.mcuxpresso.tools.win32_11.1.0.202001081728/tools/bin/../lib/gcc/arm-none-eabi/8.3.1/../../../../arm-none-eabi/lib/thumb/v6-m/nofp\libcr_c.a(_do_fflush.o)
 .ARM.attributes
                0x00000814       0x1c c:/nxp/mcuxpressoide_11.1.1_3241/ide/plugins/com.nxp.mcuxpresso.tools.win32_11.1.0.202001081728/tools/bin/../lib/gcc/arm-none-eabi/8.3.1/thumb/v6-m/nofp\libcr_eabihelpers.a(division_32.o)
 .ARM.attributes
                0x00000830       0x1c c:/nxp/mcuxpressoide_11.1.1_3241/ide/plugins/com.nxp.mcuxpresso.tools.win32_11.1.0.202001081728/tools/bin/../lib/gcc/arm-none-eabi/8.3.1/thumb/v6-m/nofp\libcr_eabihelpers.a(division_idiv0.o)
 .ARM.attributes
                0x0000084c       0x2c c:/nxp/mcuxpressoide_11.1.1_3241/ide/plugins/com.nxp.mcuxpresso.tools.win32_11.1.0.202001081728/tools/bin/../lib/gcc/arm-none-eabi/8.3.1/thumb/v6-m/nofp\libcr_eabihelpers.a(double.o)
 .ARM.attributes
                0x00000878       0x2c c:/nxp/mcuxpressoide_11.1.1_3241/ide/plugins/com.nxp.mcuxpresso.tools.win32_11.1.0.202001081728/tools/bin/../lib/gcc/arm-none-eabi/8.3.1/thumb/v6-m/nofp\libcr_eabihelpers.a(float.o)
 .ARM.attributes
                0x000008a4       0x1c c:/nxp/mcuxpressoide_11.1.1_3241/ide/plugins/com.nxp.mcuxpresso.tools.win32_11.1.0.202001081728/tools/bin/../lib/gcc/arm-none-eabi/8.3.1/thumb/v6-m/nofp\libcr_eabihelpers.a(llong.o)
 .ARM.attributes
                0x000008c0       0x1c c:/nxp/mcuxpressoide_11.1.1_3241/ide/plugins/com.nxp.mcuxpresso.tools.win32_11.1.0.202001081728/tools/bin/../lib/gcc/arm-none-eabi/8.3.1/thumb/v6-m/nofp\libcr_eabihelpers.a(memcpy.o)
 .ARM.attributes
                0x000008dc       0x1c c:/nxp/mcuxpressoide_11.1.1_3241/ide/plugins/com.nxp.mcuxpresso.tools.win32_11.1.0.202001081728/tools/bin/../lib/gcc/arm-none-eabi/8.3.1/../../../../arm-none-eabi/lib/thumb/v6-m/nofp\libcr_semihost_nf.a(__sys_close.o)
 .ARM.attributes
                0x000008f8       0x1c c:/nxp/mcuxpressoide_11.1.1_3241/ide/plugins/com.nxp.mcuxpresso.tools.win32_11.1.0.202001081728/tools/bin/../lib/gcc/arm-none-eabi/8.3.1/../../../../arm-none-eabi/lib/thumb/v6-m/nofp\libcr_semihost_nf.a(__sys_flen.o)
 .ARM.attributes
                0x00000914       0x1c c:/nxp/mcuxpressoide_11.1.1_3241/ide/plugins/com.nxp.mcuxpresso.tools.win32_11.1.0.202001081728/tools/bin/../lib/gcc/arm-none-eabi/8.3.1/../../../../arm-none-eabi/lib/thumb/v6-m/nofp\libcr_semihost_nf.a(__sys_istty.o)
 .ARM.attributes
                0x00000930       0x1c c:/nxp/mcuxpressoide_11.1.1_3241/ide/plugins/com.nxp.mcuxpresso.tools.win32_11.1.0.202001081728/tools/bin/../lib/gcc/arm-none-eabi/8.3.1/../../../../arm-none-eabi/lib/thumb/v6-m/nofp\libcr_semihost_nf.a(__sys_remove.o)
 .ARM.attributes
                0x0000094c       0x1c c:/nxp/mcuxpressoide_11.1.1_3241/ide/plugins/com.nxp.mcuxpresso.tools.win32_11.1.0.202001081728/tools/bin/../lib/gcc/arm-none-eabi/8.3.1/../../../../arm-none-eabi/lib/thumb/v6-m/nofp\libcr_semihost_nf.a(__sys_seek.o)
 .ARM.attributes
                0x00000968       0x1c c:/nxp/mcuxpressoide_11.1.1_3241/ide/plugins/com.nxp.mcuxpresso.tools.win32_11.1.0.202001081728/tools/bin/../lib/gcc/arm-none-eabi/8.3.1/../../../../arm-none-eabi/lib/thumb/v6-m/nofp\libcr_semihost_nf.a(__sys_tmpnam.o)
 .ARM.attributes
                0x00000984       0x1c c:/nxp/mcuxpressoide_11.1.1_3241/ide/plugins/com.nxp.mcuxpresso.tools.win32_11.1.0.202001081728/tools/bin/../lib/gcc/arm-none-eabi/8.3.1/../../../../arm-none-eabi/lib/thumb/v6-m/nofp\libcr_semihost_nf.a(__sys_write.o)

.debug_frame    0x00000000     0x2364
 .debug_frame   0x00000000      0x3b0 ./startup/startup_mkl43z4.o
 .debug_frame   0x000003b0       0xf0 ./source/I2C.o
 .debug_frame   0x000004a0      0x144 ./source/MAG3110.o
 .debug_frame   0x000005e4       0xd0 ./source/MMA8451.o
 .debug_frame   0x000006b4      0x150 ./source/UAV_NAVC_pruebas.o
 .debug_frame   0x00000804      0x170 ./source/init_board.o
 .debug_frame   0x00000974       0x20 ./source/semihost_hardfault.o
 .debug_frame   0x00000994      0x2e8 ./drivers/fsl_clock.o
 .debug_frame   0x00000c7c      0x2e0 ./drivers/fsl_dma.o
 .debug_frame   0x00000f5c      0x150 ./drivers/fsl_gpio.o
 .debug_frame   0x000010ac      0x58c ./drivers/fsl_i2c.o
 .debug_frame   0x00001638      0x428 ./drivers/fsl_lpuart.o
 .debug_frame   0x00001a60      0x4c8 ./drivers/fsl_spi.o
 .debug_frame   0x00001f28       0x68 ./device/system_MKL43Z4.o
 .debug_frame   0x00001f90       0x70 ./board/board.o
 .debug_frame   0x00002000      0x1a0 ./board/clock_config.o
 .debug_frame   0x000021a0       0x48 ./board/peripherals.o
 .debug_frame   0x000021e8      0x17c ./board/pin_mux.o

Cross Reference Table

Symbol                                            File
ADC0_DriverIRQHandler                             ./startup/startup_mkl43z4.o
ADC0_IRQHandler                                   ./startup/startup_mkl43z4.o
BOARD_BootClockRUN                                ./board/clock_config.o
BOARD_BootClockVLPR                               ./board/clock_config.o
BOARD_InitACCEL_I2CPins                           ./board/pin_mux.o
BOARD_InitBUTTONSPins                             ./board/pin_mux.o
BOARD_InitBootClocks                              ./board/clock_config.o
                                                  ./source/UAV_NAVC_pruebas.o
BOARD_InitBootPeripherals                         ./board/peripherals.o
                                                  ./source/UAV_NAVC_pruebas.o
BOARD_InitBootPins                                ./board/pin_mux.o
                                                  ./source/UAV_NAVC_pruebas.o
BOARD_InitDEBUG_UARTPins                          ./board/pin_mux.o
BOARD_InitDebugConsole                            ./board/board.o
                                                  ./source/UAV_NAVC_pruebas.o
BOARD_InitLCDPins                                 ./board/pin_mux.o
BOARD_InitLEDsPins                                ./board/pin_mux.o
BOARD_InitOSCPins                                 ./board/pin_mux.o
BOARD_InitPeripherals                             ./board/peripherals.o
BOARD_InitPins                                    ./board/pin_mux.o
BOARD_InitUSBPins                                 ./board/pin_mux.o
Board_Init                                        ./source/init_board.o
                                                  ./source/UAV_NAVC_pruebas.o
CLOCK_DeinitOsc0                                  ./drivers/fsl_clock.o
CLOCK_EnableUsbfs0Clock                           ./drivers/fsl_clock.o
                                                  ./board/clock_config.o
CLOCK_GetBusClkFreq                               ./drivers/fsl_clock.o
CLOCK_GetCoreSysClkFreq                           ./drivers/fsl_clock.o
CLOCK_GetEr32kClkFreq                             ./drivers/fsl_clock.o
CLOCK_GetFlashClkFreq                             ./drivers/fsl_clock.o
CLOCK_GetFreq                                     ./drivers/fsl_clock.o
                                                  ./board/board.o
                                                  ./source/I2C.o
CLOCK_GetInternalRefClkFreq                       ./drivers/fsl_clock.o
CLOCK_GetMode                                     ./drivers/fsl_clock.o
CLOCK_GetOsc0ErClkFreq                            ./drivers/fsl_clock.o
CLOCK_GetOutClkFreq                               ./drivers/fsl_clock.o
CLOCK_GetPeriphClkFreq                            ./drivers/fsl_clock.o
CLOCK_GetPlatClkFreq                              ./drivers/fsl_clock.o
CLOCK_InitOsc0                                    ./drivers/fsl_clock.o
                                                  ./board/clock_config.o
CLOCK_SetMcgliteConfig                            ./drivers/fsl_clock.o
                                                  ./board/clock_config.o
CLOCK_SetSimConfig                                ./drivers/fsl_clock.o
                                                  ./board/clock_config.o
CMP0_DriverIRQHandler                             ./startup/startup_mkl43z4.o
CMP0_IRQHandler                                   ./startup/startup_mkl43z4.o
Config_Port_Int                                   ./source/UAV_NAVC_pruebas.o
DAC0_DriverIRQHandler                             ./startup/startup_mkl43z4.o
DAC0_IRQHandler                                   ./startup/startup_mkl43z4.o
DMA0_DriverIRQHandler                             ./drivers/fsl_dma.o
                                                  ./startup/startup_mkl43z4.o
DMA0_IRQHandler                                   ./startup/startup_mkl43z4.o
DMA1_DriverIRQHandler                             ./drivers/fsl_dma.o
                                                  ./startup/startup_mkl43z4.o
DMA1_IRQHandler                                   ./startup/startup_mkl43z4.o
DMA2_DriverIRQHandler                             ./drivers/fsl_dma.o
                                                  ./startup/startup_mkl43z4.o
DMA2_IRQHandler                                   ./startup/startup_mkl43z4.o
DMA3_DriverIRQHandler                             ./drivers/fsl_dma.o
                                                  ./startup/startup_mkl43z4.o
DMA3_IRQHandler                                   ./startup/startup_mkl43z4.o
DMAMUX_Deinit                                     ./drivers/fsl_dmamux.o
DMAMUX_Init                                       ./drivers/fsl_dmamux.o
DMA_AbortTransfer                                 ./drivers/fsl_dma.o
DMA_CreateHandle                                  ./drivers/fsl_dma.o
DMA_Deinit                                        ./drivers/fsl_dma.o
DMA_HandleIRQ                                     ./drivers/fsl_dma.o
DMA_Init                                          ./drivers/fsl_dma.o
DMA_PrepareTransfer                               ./drivers/fsl_dma.o
DMA_ResetChannel                                  ./drivers/fsl_dma.o
DMA_SetCallback                                   ./drivers/fsl_dma.o
DMA_SetChannelLinkConfig                          ./drivers/fsl_dma.o
DMA_SetModulo                                     ./drivers/fsl_dma.o
DMA_SetTransferConfig                             ./drivers/fsl_dma.o
DMA_SubmitTransfer                                ./drivers/fsl_dma.o
DataReady                                         ./source/MAG3110.o
DbgConsole_ReadCharacter                          ./utilities/fsl_debug_console.o
DbgConsole_ReadLine                               ./utilities/fsl_debug_console.o
DbgConsole_ReadOneCharacter                       ./utilities/fsl_debug_console.o
DbgConsole_SendData                               ./utilities/fsl_debug_console.o
DbgConsole_SendDataReliable                       ./utilities/fsl_debug_console.o
FGPIO_PinInit                                     ./drivers/fsl_gpio.o
FGPIO_PortClearInterruptFlags                     ./drivers/fsl_gpio.o
FGPIO_PortGetInterruptFlags                       ./drivers/fsl_gpio.o
FTFA_DriverIRQHandler                             ./startup/startup_mkl43z4.o
FTFA_IRQHandler                                   ./startup/startup_mkl43z4.o
Flash_Config                                      ./startup/startup_mkl43z4.o
GPIO_PinInit                                      ./drivers/fsl_gpio.o
                                                  ./board/pin_mux.o
                                                  ./source/init_board.o
                                                  ./source/UAV_NAVC_pruebas.o
                                                  ./source/I2C.o
GPIO_PortClearInterruptFlags                      ./drivers/fsl_gpio.o
GPIO_PortGetInterruptFlags                        ./drivers/fsl_gpio.o
HAL_UartDeinit                                    ./component/uart/lpuart_adapter.o
                                                  ./component/serial_manager/serial_port_uart.o
HAL_UartEnterLowpower                             ./component/uart/lpuart_adapter.o
                                                  ./component/serial_manager/serial_port_uart.o
HAL_UartExitLowpower                              ./component/uart/lpuart_adapter.o
                                                  ./component/serial_manager/serial_port_uart.o
HAL_UartInit                                      ./component/uart/lpuart_adapter.o
                                                  ./component/serial_manager/serial_port_uart.o
HAL_UartReceiveBlocking                           ./component/uart/lpuart_adapter.o
                                                  ./component/serial_manager/serial_port_uart.o
HAL_UartSendBlocking                              ./component/uart/lpuart_adapter.o
                                                  ./component/serial_manager/serial_port_uart.o
HardFault_Handler                                 ./source/semihost_hardfault.o
                                                  ./startup/startup_mkl43z4.o
I2C0_DriverIRQHandler                             ./drivers/fsl_i2c.o
                                                  ./startup/startup_mkl43z4.o
I2C0_IRQHandler                                   ./startup/startup_mkl43z4.o
I2C1_DriverIRQHandler                             ./drivers/fsl_i2c.o
                                                  ./startup/startup_mkl43z4.o
I2C1_IRQHandler                                   ./startup/startup_mkl43z4.o
I2C_DisableInterrupts                             ./drivers/fsl_i2c.o
I2C_EnableInterrupts                              ./drivers/fsl_i2c.o
I2C_GetInstance                                   ./drivers/fsl_i2c.o
I2C_MasterDeinit                                  ./drivers/fsl_i2c.o
I2C_MasterGetDefaultConfig                        ./drivers/fsl_i2c.o
                                                  ./source/I2C.o
I2C_MasterGetStatusFlags                          ./drivers/fsl_i2c.o
I2C_MasterInit                                    ./drivers/fsl_i2c.o
                                                  ./source/I2C.o
I2C_MasterReadBlocking                            ./drivers/fsl_i2c.o
I2C_MasterRepeatedStart                           ./drivers/fsl_i2c.o
I2C_MasterSetBaudRate                             ./drivers/fsl_i2c.o
I2C_MasterStart                                   ./drivers/fsl_i2c.o
I2C_MasterStop                                    ./drivers/fsl_i2c.o
I2C_MasterTransferAbort                           ./drivers/fsl_i2c.o
I2C_MasterTransferBlocking                        ./drivers/fsl_i2c.o
                                                  ./source/MMA8451.o
                                                  ./source/MAG3110.o
I2C_MasterTransferCreateHandle                    ./drivers/fsl_i2c.o