fsl_clock.h:438:20:CLOCK_EnableClock	24	static
fsl_port.h:243:20:PORT_SetPinConfig	32	static
fsl_port.h:346:20:PORT_SetPinMux	24	static
pin_mux.c:96:6:BOARD_InitBootPins	8	static
pin_mux.c:122:6:BOARD_InitPins	8	static
pin_mux.c:175:6:BOARD_InitLCDPins	8	static
pin_mux.c:432:6:BOARD_InitBUTTONSPins	24	static
pin_mux.c:500:6:BOARD_InitLEDsPins	24	static
pin_mux.c:566:6:BOARD_InitDEBUG_UARTPins	16	static
pin_mux.c:630:6:BOARD_InitUSBPins	8	static
pin_mux.c:696:6:BOARD_InitACCEL_I2CPins	24	static
pin_mux.c:800:6:BOARD_InitOSCPins	8	static
