fsl_clock.h:438:20:CLOCK_EnableClock	24	static
fsl_port.h:243:20:PORT_SetPinConfig	32	static
fsl_port.h:346:20:PORT_SetPinMux	24	static
pin_mux.c:96:6:BOARD_InitBootPins	8	static
pin_mux.c:120:6:BOARD_InitPins	8	static
pin_mux.c:165:6:BOARD_InitLCDPins	8	static
pin_mux.c:422:6:BOARD_InitBUTTONSPins	24	static
pin_mux.c:490:6:BOARD_InitLEDsPins	24	static
pin_mux.c:556:6:BOARD_InitDEBUG_UARTPins	16	static
pin_mux.c:620:6:BOARD_InitUSBPins	8	static
pin_mux.c:686:6:BOARD_InitACCEL_I2CPins	24	static
pin_mux.c:790:6:BOARD_InitOSCPins	8	static
