core_cm0plus.h:741:22:__NVIC_EnableIRQ	16	static
core_cm0plus.h:850:22:__NVIC_SetPriority	24	static
core_cm0plus.h:1056:26:SysTick_Config	16	static
fsl_common.h:484:28:EnableIRQ	16	static
fsl_lpuart.h:606:23:LPUART_ReadByte	16	static
fsl_port.h:243:20:PORT_SetPinConfig	32	static
fsl_port.h:416:20:PORT_SetPinInterruptConfig	24	static
fsl_port.h:452:24:PORT_GetPinsInterruptFlags	16	static
fsl_port.h:463:20:PORT_ClearPinsInterruptFlags	16	static
UAV_NAVC_pruebas.c:44:5:main	8	static
UAV_NAVC_pruebas.c:93:6:Compass	56	static
UAV_NAVC_pruebas.c:125:6:TX_Data	16	static
UAV_NAVC_pruebas.c:135:6:TX_Message	64	static
UAV_NAVC_pruebas.c:146:6:Config_Port_Int	16	static
UAV_NAVC_pruebas.c:187:6:PORTC_PORTD_IRQHandler	40	static
UAV_NAVC_pruebas.c:283:6:LPUART0_IRQHandler	24	static
